[+] Containers:
 |- [+] Container: /Game/ThirdPerson/Maps/ThirdPersonMap
 |   |- [+] ActorDescs:
 |   |   |- Guid:06A777E840AEFD07B16EF2B9059ABCE1 BaseClass:/Game/BP/BP_Suelo.BP_Suelo_C NativeClass:/Script/Engine.Actor Name:BP_Suelo_C_UAID_74563C49CEED974002_1528207660 Label:BP_Suelo SpatiallyLoaded:1 Bounds:IsValid=true, Min=(X=56.833 Y=260.786 Z=-0.000), Max=(X=4533.864 Y=1893.139 Z=0.000) RuntimeGrid:None EditorOnly:0 RuntimeOnly:0 HLODRelevant:0 ListedInSceneOutliner:1 IsMainWorldOnly:0
 |   |   |- Guid:076FC1384D1DD5339F3F1B930DF0A35B BaseClass:/Game/BP/BP_Interactuable_Cura.BP_Interactuable_Cura_C NativeClass:/Script/Engine.Actor Name:BP_Interactuable_Cura_C_UAID_74563C49CEED283802_1090833675 Label:BP_Interactuable_Cura SpatiallyLoaded:1 Bounds:IsValid=true, Min=(X=2238.741 Y=1039.469 Z=-12.817), Max=(X=2300.394 Y=1120.531 Z=120.617) RuntimeGrid:None EditorOnly:0 RuntimeOnly:0 HLODRelevant:0 ListedInSceneOutliner:1 IsMainWorldOnly:0
 |   |   |- Guid:0F8E52CB4B02B402FDEE0EAD3545102D BaseClass: NativeClass:/Script/Engine.StaticMeshActor Name:StaticMeshActor_UAID_74563C49CEED223802_1595013617 Label:Plane SpatiallyLoaded:1 Bounds:IsValid=true, Min=(X=1530.000 Y=1007.519 Z=0.190), Max=(X=1630.000 Y=1107.519 Z=0.190) RuntimeGrid:None EditorOnly:0 RuntimeOnly:0 HLODRelevant:1 ListedInSceneOutliner:1 IsMainWorldOnly:0
 |   |   |- Guid:1479351946C6531BA00593975D4214F0 BaseClass:/Game/BP/BP_Pared.BP_Pared_C NativeClass:/Script/Engine.Actor Name:BP_Pared_C_UAID_74563C49CEED9C4002_1158825541 Label:BP_Pared SpatiallyLoaded:1 Bounds:IsValid=true, Min=(X=56.040 Y=250.401 Z=-0.000), Max=(X=9194.812 Y=1896.347 Z=256.945) RuntimeGrid:None EditorOnly:0 RuntimeOnly:0 HLODRelevant:0 ListedInSceneOutliner:1 IsMainWorldOnly:0
 |   |   |- Guid:173609254A2E40E07EFDD5900D2E3E69 BaseClass:/Game/BP/BP_Coin.BP_Coin_C NativeClass:/Script/Engine.Actor Name:BP_Coin_C_UAID_80FA5B97DCF3113F02_1705693016 Label:BP_Coin SpatiallyLoaded:1 Bounds:IsValid=true, Min=(X=2576.135 Y=1257.675 Z=23.323), Max=(X=2654.502 Y=1336.042 Z=90.971) RuntimeGrid:None EditorOnly:0 RuntimeOnly:0 HLODRelevant:0 ListedInSceneOutliner:1 IsMainWorldOnly:0
 |   |   |- Guid:1C149A1A4592736A50F109B2894D3E77 BaseClass:/Game/BP/BP_PowerUp.BP_PowerUp_C NativeClass:/Script/Engine.Actor Name:BP_PowerUp_C_UAID_74563C49CEED573A02_1859836063 Label:BP_PowerUp SpatiallyLoaded:1 Bounds:IsValid=true, Min=(X=1856.243 Y=2160.961 Z=-32.000), Max=(X=1920.243 Y=2224.961 Z=117.758) RuntimeGrid:None EditorOnly:0 RuntimeOnly:0 HLODRelevant:0 ListedInSceneOutliner:1 IsMainWorldOnly:0
 |   |   |- Guid:2FB58999456391D349DC0F86DAC136ED BaseClass: NativeClass:/Script/Engine.SkyLight Name:SkyLight_1 Label:SkyLight SpatiallyLoaded:0 Bounds:IsValid=true, Min=(X=0.000 Y=0.000 Z=690.000), Max=(X=0.000 Y=0.000 Z=690.000) RuntimeGrid:None EditorOnly:0 RuntimeOnly:0 HLODRelevant:0 ListedInSceneOutliner:1 IsMainWorldOnly:0 FolderPath:Lighting FolderGuid:963EC3EB4002CCE9759E2EBA541A873A
 |   |   |- Guid:316CF2A6494ACA4C0E4180A87D36AB8F BaseClass: NativeClass:/Script/Engine.ExponentialHeightFog Name:ExponentialHeightFog_0 Label:ExponentialHeightFog SpatiallyLoaded:0 Bounds:IsValid=true, Min=(X=-5600.000 Y=-50.000 Z=-6850.000), Max=(X=-5600.000 Y=-50.000 Z=-6850.000) RuntimeGrid:None EditorOnly:0 RuntimeOnly:0 HLODRelevant:0 ListedInSceneOutliner:1 IsMainWorldOnly:0 FolderPath:Lighting FolderGuid:963EC3EB4002CCE9759E2EBA541A873A
 |   |   |- Guid:3A00AA1C422CE54C0BDB60BAF471BFBB BaseClass: NativeClass:/Script/Engine.PlayerStart Name:PlayerStart_0 Label:PlayerStart SpatiallyLoaded:0 Bounds:IsValid=true, Min=(X=461.566 Y=1070.000 Z=0.013), Max=(X=541.566 Y=1150.000 Z=184.013) RuntimeGrid:None EditorOnly:0 RuntimeOnly:0 HLODRelevant:0 ListedInSceneOutliner:1 IsMainWorldOnly:0
 |   |   |- Guid:4474A1524E5BC2D650DAC99B3FA664B8 BaseClass:/Game/BP/BP_Suelo.BP_Suelo_C NativeClass:/Script/Engine.Actor Name:BP_Suelo_C_UAID_74563C49CEEDA24002_1253876599 Label:BP_Suelo2 SpatiallyLoaded:1 Bounds:IsValid=true, Min=(X=7175.858 Y=260.786 Z=0.000), Max=(X=11652.889 Y=1893.139 Z=0.000) RuntimeGrid:None EditorOnly:0 RuntimeOnly:0 HLODRelevant:0 ListedInSceneOutliner:1 IsMainWorldOnly:0
 |   |   |- Guid:4D1F93A44A4F2C7E76BC14A1FDD38836 BaseClass: NativeClass:/Script/Engine.PainCausingVolume Name:PainCausingVolume_UAID_74563C49CEED223802_1560624616 Label:PainCausingVolume2 SpatiallyLoaded:1 Bounds:IsValid=true, Min=(X=1476.793 Y=947.519 Z=-0.318), Max=(X=1676.793 Y=1147.519 Z=149.682) RuntimeGrid:None EditorOnly:0 RuntimeOnly:0 HLODRelevant:0 ListedInSceneOutliner:1 IsMainWorldOnly:0
 |   |   |- Guid:4D3BE93F4146AAAC8BBE79999D96D57F BaseClass: NativeClass:/Script/Engine.VolumetricCloud Name:VolumetricCloud_0 Label:VolumetricCloud SpatiallyLoaded:0 Bounds:IsValid=true, Min=(X=0.000 Y=0.000 Z=820.000), Max=(X=0.000 Y=0.000 Z=820.000) RuntimeGrid:None EditorOnly:0 RuntimeOnly:0 HLODRelevant:0 ListedInSceneOutliner:1 IsMainWorldOnly:0 FolderPath:Lighting FolderGuid:963EC3EB4002CCE9759E2EBA541A873A
 |   |   |- Guid:62C2111F4FB6A996AB9BE4AEB48830BD BaseClass:/Game/BP/BP_Interactuable_ProceduralParkour.BP_Interactuable_ProceduralParkour_C NativeClass:/Script/Engine.Actor Name:BP_Interactuable_ProceduralParkour_C_UAID_74563C49CEED523A02_1837426177 Label:BP_Interactuable_ProceduralParkour SpatiallyLoaded:1 Bounds:IsValid=true, Min=(X=3176.061 Y=664.414 Z=-180.000), Max=(X=7103.939 Y=1515.586 Z=377.906) RuntimeGrid:None EditorOnly:0 RuntimeOnly:0 HLODRelevant:0 ListedInSceneOutliner:1 IsMainWorldOnly:0
 |   |   |- Guid:6BAF4DDD444C60371492D3919DB42C97 BaseClass: NativeClass:/Script/Engine.WorldDataLayers Name:WorldDataLayers Label:WorldDataLayers SpatiallyLoaded:0 Bounds:IsValid=true, Min=(X=0.000 Y=0.000 Z=0.000), Max=(X=0.000 Y=0.000 Z=0.000) RuntimeGrid:None EditorOnly:0 RuntimeOnly:0 HLODRelevant:0 ListedInSceneOutliner:1 IsMainWorldOnly:1
 |   |   |- Guid:749C8AAF403BCEE33A6435933EEB9199 BaseClass:/Game/BP/BP_Nevera.BP_Nevera_C NativeClass:/Script/Engine.Actor Name:BP_Nevera_C_UAID_80FA5B97DCF3163F02_2050378898 Label:BP_Nevera SpatiallyLoaded:1 Bounds:IsValid=true, Min=(X=1930.658 Y=447.763 Z=0.000), Max=(X=2022.804 Y=582.815 Z=229.556) RuntimeGrid:None EditorOnly:0 RuntimeOnly:0 HLODRelevant:0 ListedInSceneOutliner:1 IsMainWorldOnly:0
 |   |   |- Guid:9D37C2B546B67E042019D6ABAA417770 BaseClass:/Game/BP/BP_DeathArea.BP_DeathArea_C NativeClass:/Script/Engine.Actor Name:BP_DeathArea_C_UAID_80FA5B97DCF3193F02_1863696427 Label:BP_DeathArea SpatiallyLoaded:1 Bounds:IsValid=true, Min=(X=-281.708 Y=-261.496 Z=-820.128), Max=(X=10645.946 Y=2399.722 Z=-756.128) RuntimeGrid:None EditorOnly:0 RuntimeOnly:0 HLODRelevant:0 ListedInSceneOutliner:1 IsMainWorldOnly:0
 |   |   |- Guid:B785ED2844B84CFB91E7F39FE661CD99 BaseClass: NativeClass:/Script/Engine.DirectionalLight Name:DirectionalLight_0 Label:DirectionalLight SpatiallyLoaded:0 Bounds:IsValid=true, Min=(X=-1048576.000 Y=-1048576.000 Z=-1048576.000), Max=(X=1048576.000 Y=1048576.000 Z=1048576.000) RuntimeGrid:None EditorOnly:0 RuntimeOnly:0 HLODRelevant:0 ListedInSceneOutliner:1 IsMainWorldOnly:0 FolderPath:Lighting FolderGuid:963EC3EB4002CCE9759E2EBA541A873A
 |   |   |- Guid:CCFF262C46EEFFDF319E7F9539CE697E BaseClass: NativeClass:/Script/Engine.SkyAtmosphere Name:SkyAtmosphere_0 Label:SkyAtmosphere SpatiallyLoaded:0 Bounds:IsValid=true, Min=(X=0.000 Y=0.000 Z=1020.000), Max=(X=0.000 Y=0.000 Z=1020.000) RuntimeGrid:None EditorOnly:0 RuntimeOnly:0 HLODRelevant:0 ListedInSceneOutliner:1 IsMainWorldOnly:0 FolderPath:Lighting FolderGuid:963EC3EB4002CCE9759E2EBA541A873A
 |   |   |- Guid:EAD6A7A64106FA6B61D60BBEF8C0622E BaseClass: NativeClass:/Script/Engine.StaticMeshActor Name:StaticMeshActor_UAID_74563C49CEED944002_1280600127 Label:Nevera SpatiallyLoaded:1 Bounds:IsValid=true, Min=(X=929.817 Y=1160.131 Z=0.000), Max=(X=929.817 Y=1160.131 Z=0.000) RuntimeGrid:None EditorOnly:0 RuntimeOnly:0 HLODRelevant:0 ListedInSceneOutliner:1 IsMainWorldOnly:0
 |   |   |- Guid:EC4E0C944CE6AC6E784BC6BB2916EA13 BaseClass: NativeClass:/Script/Engine.StaticMeshActor Name:StaticMeshActor_UAID_A4AE111137DC5EFB00_1110535423 Label:SM_SkySphere SpatiallyLoaded:0 Bounds:IsValid=true, Min=(X=-1638400.000 Y=-1638400.000 Z=-1638400.000), Max=(X=1638400.000 Y=1638400.000 Z=1638400.000) RuntimeGrid:None EditorOnly:0 RuntimeOnly:0 HLODRelevant:1 ListedInSceneOutliner:1 IsMainWorldOnly:0 FolderPath:Lighting FolderGuid:963EC3EB4002CCE9759E2EBA541A873A
 |   |   |- Guid:F5B29DAF454C8EAB29557F89060C0B43 BaseClass:/Game/BP/BP_Coin.BP_Coin_C NativeClass:/Script/Engine.Actor Name:BP_Coin_C_UAID_80FA5B97DCF3143F02_1877954545 Label:BP_Coin2 SpatiallyLoaded:1 Bounds:IsValid=true, Min=(X=2850.597 Y=1257.675 Z=23.323), Max=(X=2928.964 Y=1336.042 Z=90.971) RuntimeGrid:None EditorOnly:0 RuntimeOnly:0 HLODRelevant:0 ListedInSceneOutliner:1 IsMainWorldOnly:0
 |   |   |- Guid:F5E3FEB3450C49844FD93DA8E083C8AD BaseClass: NativeClass:/Script/Engine.PostProcessVolume Name:PostProcessVolume_0 Label:PostProcessVolume SpatiallyLoaded:0 Bounds:IsValid=true, Min=(X=0.000 Y=0.000 Z=400.000), Max=(X=200.000 Y=200.000 Z=600.000) RuntimeGrid:None EditorOnly:0 RuntimeOnly:0 HLODRelevant:0 ListedInSceneOutliner:1 IsMainWorldOnly:0 FolderPath:Lighting FolderGuid:963EC3EB4002CCE9759E2EBA541A873A
 |   |   |- Guid:FFCD71FF4362DB3F091AC5AC96F8D1C1 BaseClass: NativeClass:/Script/Engine.StaticMeshActor Name:StaticMeshActor_UAID_74563C49CEED944002_1808155130 Label:Nevera2 SpatiallyLoaded:1 Bounds:IsValid=true, Min=(X=-64.341 Y=2145.465 Z=0.000), Max=(X=-64.341 Y=2145.465 Z=0.000) RuntimeGrid:None EditorOnly:0 RuntimeOnly:0 HLODRelevant:0 ListedInSceneOutliner:1 IsMainWorldOnly:0
 |   |- [+] Clusters:
 |   |   |- [+] [  0]
 |   |   |   |- Guid:06A777E840AEFD07B16EF2B9059ABCE1 BaseClass:/Game/BP/BP_Suelo.BP_Suelo_C NativeClass:/Script/Engine.Actor Name:BP_Suelo_C_UAID_74563C49CEED974002_1528207660 Label:BP_Suelo SpatiallyLoaded:1 Bounds:IsValid=true, Min=(X=56.833 Y=260.786 Z=-0.000), Max=(X=4533.864 Y=1893.139 Z=0.000) RuntimeGrid:None EditorOnly:0 RuntimeOnly:0 HLODRelevant:0 ListedInSceneOutliner:1 IsMainWorldOnly:0
 |   |   |- [+] [  1]
 |   |   |   |- Guid:076FC1384D1DD5339F3F1B930DF0A35B BaseClass:/Game/BP/BP_Interactuable_Cura.BP_Interactuable_Cura_C NativeClass:/Script/Engine.Actor Name:BP_Interactuable_Cura_C_UAID_74563C49CEED283802_1090833675 Label:BP_Interactuable_Cura SpatiallyLoaded:1 Bounds:IsValid=true, Min=(X=2238.741 Y=1039.469 Z=-12.817), Max=(X=2300.394 Y=1120.531 Z=120.617) RuntimeGrid:None EditorOnly:0 RuntimeOnly:0 HLODRelevant:0 ListedInSceneOutliner:1 IsMainWorldOnly:0
 |   |   |- [+] [  2]
 |   |   |   |- Guid:0F8E52CB4B02B402FDEE0EAD3545102D BaseClass: NativeClass:/Script/Engine.StaticMeshActor Name:StaticMeshActor_UAID_74563C49CEED223802_1595013617 Label:Plane SpatiallyLoaded:1 Bounds:IsValid=true, Min=(X=1530.000 Y=1007.519 Z=0.190), Max=(X=1630.000 Y=1107.519 Z=0.190) RuntimeGrid:None EditorOnly:0 RuntimeOnly:0 HLODRelevant:1 ListedInSceneOutliner:1 IsMainWorldOnly:0
 |   |   |- [+] [  3]
 |   |   |   |- Guid:1479351946C6531BA00593975D4214F0 BaseClass:/Game/BP/BP_Pared.BP_Pared_C NativeClass:/Script/Engine.Actor Name:BP_Pared_C_UAID_74563C49CEED9C4002_1158825541 Label:BP_Pared SpatiallyLoaded:1 Bounds:IsValid=true, Min=(X=56.040 Y=250.401 Z=-0.000), Max=(X=9194.812 Y=1896.347 Z=256.945) RuntimeGrid:None EditorOnly:0 RuntimeOnly:0 HLODRelevant:0 ListedInSceneOutliner:1 IsMainWorldOnly:0
 |   |   |- [+] [  4]
 |   |   |   |- Guid:173609254A2E40E07EFDD5900D2E3E69 BaseClass:/Game/BP/BP_Coin.BP_Coin_C NativeClass:/Script/Engine.Actor Name:BP_Coin_C_UAID_80FA5B97DCF3113F02_1705693016 Label:BP_Coin SpatiallyLoaded:1 Bounds:IsValid=true, Min=(X=2576.135 Y=1257.675 Z=23.323), Max=(X=2654.502 Y=1336.042 Z=90.971) RuntimeGrid:None EditorOnly:0 RuntimeOnly:0 HLODRelevant:0 ListedInSceneOutliner:1 IsMainWorldOnly:0
 |   |   |- [+] [  5]
 |   |   |   |- Guid:1C149A1A4592736A50F109B2894D3E77 BaseClass:/Game/BP/BP_PowerUp.BP_PowerUp_C NativeClass:/Script/Engine.Actor Name:BP_PowerUp_C_UAID_74563C49CEED573A02_1859836063 Label:BP_PowerUp SpatiallyLoaded:1 Bounds:IsValid=true, Min=(X=1856.243 Y=2160.961 Z=-32.000), Max=(X=1920.243 Y=2224.961 Z=117.758) RuntimeGrid:None EditorOnly:0 RuntimeOnly:0 HLODRelevant:0 ListedInSceneOutliner:1 IsMainWorldOnly:0
 |   |   |- [+] [  6]
 |   |   |   |- Guid:2FB58999456391D349DC0F86DAC136ED BaseClass: NativeClass:/Script/Engine.SkyLight Name:SkyLight_1 Label:SkyLight SpatiallyLoaded:0 Bounds:IsValid=true, Min=(X=0.000 Y=0.000 Z=690.000), Max=(X=0.000 Y=0.000 Z=690.000) RuntimeGrid:None EditorOnly:0 RuntimeOnly:0 HLODRelevant:0 ListedInSceneOutliner:1 IsMainWorldOnly:0 FolderPath:Lighting FolderGuid:963EC3EB4002CCE9759E2EBA541A873A
 |   |   |- [+] [  7]
 |   |   |   |- Guid:316CF2A6494ACA4C0E4180A87D36AB8F BaseClass: NativeClass:/Script/Engine.ExponentialHeightFog Name:ExponentialHeightFog_0 Label:ExponentialHeightFog SpatiallyLoaded:0 Bounds:IsValid=true, Min=(X=-5600.000 Y=-50.000 Z=-6850.000), Max=(X=-5600.000 Y=-50.000 Z=-6850.000) RuntimeGrid:None EditorOnly:0 RuntimeOnly:0 HLODRelevant:0 ListedInSceneOutliner:1 IsMainWorldOnly:0 FolderPath:Lighting FolderGuid:963EC3EB4002CCE9759E2EBA541A873A
 |   |   |- [+] [  8]
 |   |   |   |- Guid:3A00AA1C422CE54C0BDB60BAF471BFBB BaseClass: NativeClass:/Script/Engine.PlayerStart Name:PlayerStart_0 Label:PlayerStart SpatiallyLoaded:0 Bounds:IsValid=true, Min=(X=461.566 Y=1070.000 Z=0.013), Max=(X=541.566 Y=1150.000 Z=184.013) RuntimeGrid:None EditorOnly:0 RuntimeOnly:0 HLODRelevant:0 ListedInSceneOutliner:1 IsMainWorldOnly:0
 |   |   |- [+] [  9]
 |   |   |   |- Guid:4474A1524E5BC2D650DAC99B3FA664B8 BaseClass:/Game/BP/BP_Suelo.BP_Suelo_C NativeClass:/Script/Engine.Actor Name:BP_Suelo_C_UAID_74563C49CEEDA24002_1253876599 Label:BP_Suelo2 SpatiallyLoaded:1 Bounds:IsValid=true, Min=(X=7175.858 Y=260.786 Z=0.000), Max=(X=11652.889 Y=1893.139 Z=0.000) RuntimeGrid:None EditorOnly:0 RuntimeOnly:0 HLODRelevant:0 ListedInSceneOutliner:1 IsMainWorldOnly:0
 |   |   |- [+] [ 10]
 |   |   |   |- Guid:4D1F93A44A4F2C7E76BC14A1FDD38836 BaseClass: NativeClass:/Script/Engine.PainCausingVolume Name:PainCausingVolume_UAID_74563C49CEED223802_1560624616 Label:PainCausingVolume2 SpatiallyLoaded:1 Bounds:IsValid=true, Min=(X=1476.793 Y=947.519 Z=-0.318), Max=(X=1676.793 Y=1147.519 Z=149.682) RuntimeGrid:None EditorOnly:0 RuntimeOnly:0 HLODRelevant:0 ListedInSceneOutliner:1 IsMainWorldOnly:0
 |   |   |- [+] [ 11]
 |   |   |   |- Guid:4D3BE93F4146AAAC8BBE79999D96D57F BaseClass: NativeClass:/Script/Engine.VolumetricCloud Name:VolumetricCloud_0 Label:VolumetricCloud SpatiallyLoaded:0 Bounds:IsValid=true, Min=(X=0.000 Y=0.000 Z=820.000), Max=(X=0.000 Y=0.000 Z=820.000) RuntimeGrid:None EditorOnly:0 RuntimeOnly:0 HLODRelevant:0 ListedInSceneOutliner:1 IsMainWorldOnly:0 FolderPath:Lighting FolderGuid:963EC3EB4002CCE9759E2EBA541A873A
 |   |   |- [+] [ 12]
 |   |   |   |- Guid:62C2111F4FB6A996AB9BE4AEB48830BD BaseClass:/Game/BP/BP_Interactuable_ProceduralParkour.BP_Interactuable_ProceduralParkour_C NativeClass:/Script/Engine.Actor Name:BP_Interactuable_ProceduralParkour_C_UAID_74563C49CEED523A02_1837426177 Label:BP_Interactuable_ProceduralParkour SpatiallyLoaded:1 Bounds:IsValid=true, Min=(X=3176.061 Y=664.414 Z=-180.000), Max=(X=7103.939 Y=1515.586 Z=377.906) RuntimeGrid:None EditorOnly:0 RuntimeOnly:0 HLODRelevant:0 ListedInSceneOutliner:1 IsMainWorldOnly:0
 |   |   |- [+] [ 13]
 |   |   |   |- Guid:6BAF4DDD444C60371492D3919DB42C97 BaseClass: NativeClass:/Script/Engine.WorldDataLayers Name:WorldDataLayers Label:WorldDataLayers SpatiallyLoaded:0 Bounds:IsValid=true, Min=(X=0.000 Y=0.000 Z=0.000), Max=(X=0.000 Y=0.000 Z=0.000) RuntimeGrid:None EditorOnly:0 RuntimeOnly:0 HLODRelevant:0 ListedInSceneOutliner:1 IsMainWorldOnly:1
 |   |   |- [+] [ 14]
 |   |   |   |- Guid:749C8AAF403BCEE33A6435933EEB9199 BaseClass:/Game/BP/BP_Nevera.BP_Nevera_C NativeClass:/Script/Engine.Actor Name:BP_Nevera_C_UAID_80FA5B97DCF3163F02_2050378898 Label:BP_Nevera SpatiallyLoaded:1 Bounds:IsValid=true, Min=(X=1930.658 Y=447.763 Z=0.000), Max=(X=2022.804 Y=582.815 Z=229.556) RuntimeGrid:None EditorOnly:0 RuntimeOnly:0 HLODRelevant:0 ListedInSceneOutliner:1 IsMainWorldOnly:0
 |   |   |- [+] [ 15]
 |   |   |   |- Guid:9D37C2B546B67E042019D6ABAA417770 BaseClass:/Game/BP/BP_DeathArea.BP_DeathArea_C NativeClass:/Script/Engine.Actor Name:BP_DeathArea_C_UAID_80FA5B97DCF3193F02_1863696427 Label:BP_DeathArea SpatiallyLoaded:1 Bounds:IsValid=true, Min=(X=-281.708 Y=-261.496 Z=-820.128), Max=(X=10645.946 Y=2399.722 Z=-756.128) RuntimeGrid:None EditorOnly:0 RuntimeOnly:0 HLODRelevant:0 ListedInSceneOutliner:1 IsMainWorldOnly:0
 |   |   |- [+] [ 16]
 |   |   |   |- Guid:B785ED2844B84CFB91E7F39FE661CD99 BaseClass: NativeClass:/Script/Engine.DirectionalLight Name:DirectionalLight_0 Label:DirectionalLight SpatiallyLoaded:0 Bounds:IsValid=true, Min=(X=-1048576.000 Y=-1048576.000 Z=-1048576.000), Max=(X=1048576.000 Y=1048576.000 Z=1048576.000) RuntimeGrid:None EditorOnly:0 RuntimeOnly:0 HLODRelevant:0 ListedInSceneOutliner:1 IsMainWorldOnly:0 FolderPath:Lighting FolderGuid:963EC3EB4002CCE9759E2EBA541A873A
 |   |   |- [+] [ 17]
 |   |   |   |- Guid:CCFF262C46EEFFDF319E7F9539CE697E BaseClass: NativeClass:/Script/Engine.SkyAtmosphere Name:SkyAtmosphere_0 Label:SkyAtmosphere SpatiallyLoaded:0 Bounds:IsValid=true, Min=(X=0.000 Y=0.000 Z=1020.000), Max=(X=0.000 Y=0.000 Z=1020.000) RuntimeGrid:None EditorOnly:0 RuntimeOnly:0 HLODRelevant:0 ListedInSceneOutliner:1 IsMainWorldOnly:0 FolderPath:Lighting FolderGuid:963EC3EB4002CCE9759E2EBA541A873A
 |   |   |- [+] [ 18]
 |   |   |   |- Guid:EAD6A7A64106FA6B61D60BBEF8C0622E BaseClass: NativeClass:/Script/Engine.StaticMeshActor Name:StaticMeshActor_UAID_74563C49CEED944002_1280600127 Label:Nevera SpatiallyLoaded:1 Bounds:IsValid=true, Min=(X=929.817 Y=1160.131 Z=0.000), Max=(X=929.817 Y=1160.131 Z=0.000) RuntimeGrid:None EditorOnly:0 RuntimeOnly:0 HLODRelevant:0 ListedInSceneOutliner:1 IsMainWorldOnly:0
 |   |   |- [+] [ 19]
 |   |   |   |- Guid:EC4E0C944CE6AC6E784BC6BB2916EA13 BaseClass: NativeClass:/Script/Engine.StaticMeshActor Name:StaticMeshActor_UAID_A4AE111137DC5EFB00_1110535423 Label:SM_SkySphere SpatiallyLoaded:0 Bounds:IsValid=true, Min=(X=-1638400.000 Y=-1638400.000 Z=-1638400.000), Max=(X=1638400.000 Y=1638400.000 Z=1638400.000) RuntimeGrid:None EditorOnly:0 RuntimeOnly:0 HLODRelevant:1 ListedInSceneOutliner:1 IsMainWorldOnly:0 FolderPath:Lighting FolderGuid:963EC3EB4002CCE9759E2EBA541A873A
 |   |   |- [+] [ 20]
 |   |   |   |- Guid:F5B29DAF454C8EAB29557F89060C0B43 BaseClass:/Game/BP/BP_Coin.BP_Coin_C NativeClass:/Script/Engine.Actor Name:BP_Coin_C_UAID_80FA5B97DCF3143F02_1877954545 Label:BP_Coin2 SpatiallyLoaded:1 Bounds:IsValid=true, Min=(X=2850.597 Y=1257.675 Z=23.323), Max=(X=2928.964 Y=1336.042 Z=90.971) RuntimeGrid:None EditorOnly:0 RuntimeOnly:0 HLODRelevant:0 ListedInSceneOutliner:1 IsMainWorldOnly:0
 |   |   |- [+] [ 21]
 |   |   |   |- Guid:F5E3FEB3450C49844FD93DA8E083C8AD BaseClass: NativeClass:/Script/Engine.PostProcessVolume Name:PostProcessVolume_0 Label:PostProcessVolume SpatiallyLoaded:0 Bounds:IsValid=true, Min=(X=0.000 Y=0.000 Z=400.000), Max=(X=200.000 Y=200.000 Z=600.000) RuntimeGrid:None EditorOnly:0 RuntimeOnly:0 HLODRelevant:0 ListedInSceneOutliner:1 IsMainWorldOnly:0 FolderPath:Lighting FolderGuid:963EC3EB4002CCE9759E2EBA541A873A
 |   |   |- [+] [ 22]
 |   |   |   |- Guid:FFCD71FF4362DB3F091AC5AC96F8D1C1 BaseClass: NativeClass:/Script/Engine.StaticMeshActor Name:StaticMeshActor_UAID_74563C49CEED944002_1808155130 Label:Nevera2 SpatiallyLoaded:1 Bounds:IsValid=true, Min=(X=-64.341 Y=2145.465 Z=0.000), Max=(X=-64.341 Y=2145.465 Z=0.000) RuntimeGrid:None EditorOnly:0 RuntimeOnly:0 HLODRelevant:0 ListedInSceneOutliner:1 IsMainWorldOnly:0
 |- ContainerInstances:
 |- [+] MainContainer:
 |   |-        ID: 00000000000000000000000000000000
 |   |-  ParentID: 00000000000000000000000000000000
 |   |-    Bounds: IsValid=false, Min=(X=0.000 Y=0.000 Z=0.000), Max=(X=0.000 Y=0.000 Z=0.000)
 |   |- Transform: 0.000000,0.000000,0.000000|0.000000,0.000000,-0.000000|1.000000,1.000000,1.000000
 |   |- Container: /Game/ThirdPerson/Maps/ThirdPersonMap
----------------------------------------------------------------------------------------------------------------
ThirdPersonMap - Persistent Level
----------------------------------------------------------------------------------------------------------------
[+] Content of ThirdPersonMap Persistent Level
 |- Always loaded Actor Count: 23 
 |- Actor Path: /Game/ThirdPerson/Maps/ThirdPersonMap.ThirdPersonMap:PersistentLevel.BP_Coin_C_UAID_80FA5B97DCF3113F02_1705693016
 |- Actor Package: /Game/__ExternalActors__/ThirdPerson/Maps/ThirdPersonMap/3/O6/V6QK7B0Q2RUL93WTIU84BL
 |- Actor Path: /Game/ThirdPerson/Maps/ThirdPersonMap.ThirdPersonMap:PersistentLevel.BP_Coin_C_UAID_80FA5B97DCF3143F02_1877954545
 |- Actor Package: /Game/__ExternalActors__/ThirdPerson/Maps/ThirdPersonMap/5/5A/VIV6R6F00GNZD68HZV3TAU
 |- Actor Path: /Game/ThirdPerson/Maps/ThirdPersonMap.ThirdPersonMap:PersistentLevel.BP_DeathArea_C_UAID_80FA5B97DCF3193F02_1863696427
 |- Actor Package: /Game/__ExternalActors__/ThirdPerson/Maps/ThirdPersonMap/B/Y5/KME108Y93II7SKNEV7PK0U
 |- Actor Path: /Game/ThirdPerson/Maps/ThirdPersonMap.ThirdPersonMap:PersistentLevel.BP_Interactuable_Cura_C_UAID_74563C49CEED283802_1090833675
 |- Actor Package: /Game/__ExternalActors__/ThirdPerson/Maps/ThirdPersonMap/D/LF/RJLD9JX6JLEC63MFJY3AEE
 |- Actor Path: /Game/ThirdPerson/Maps/ThirdPersonMap.ThirdPersonMap:PersistentLevel.BP_Interactuable_ProceduralParkour_C_UAID_74563C49CEED523A02_1837426177
 |- Actor Package: /Game/__ExternalActors__/ThirdPerson/Maps/ThirdPersonMap/C/OO/4ZZMOEV4UEG41TE6BLTMWT
 |- Actor Path: /Game/ThirdPerson/Maps/ThirdPersonMap.ThirdPersonMap:PersistentLevel.BP_Nevera_C_UAID_80FA5B97DCF3163F02_2050378898
 |- Actor Package: /Game/__ExternalActors__/ThirdPerson/Maps/ThirdPersonMap/1/FJ/KWA2DH07TOKCWQMGR0Q2P7
 |- Actor Path: /Game/ThirdPerson/Maps/ThirdPersonMap.ThirdPersonMap:PersistentLevel.BP_Pared_C_UAID_74563C49CEED9C4002_1158825541
 |- Actor Package: /Game/__ExternalActors__/ThirdPerson/Maps/ThirdPersonMap/4/LS/RCM719UXYTU9K194IG510Z
 |- Actor Path: /Game/ThirdPerson/Maps/ThirdPersonMap.ThirdPersonMap:PersistentLevel.BP_PowerUp_C_UAID_74563C49CEED573A02_1859836063
 |- Actor Package: /Game/__ExternalActors__/ThirdPerson/Maps/ThirdPersonMap/F/42/RUMY357QXOV0QJ7LFJLEDT
 |- Actor Path: /Game/ThirdPerson/Maps/ThirdPersonMap.ThirdPersonMap:PersistentLevel.BP_Suelo_C_UAID_74563C49CEED974002_1528207660
 |- Actor Package: /Game/__ExternalActors__/ThirdPerson/Maps/ThirdPersonMap/5/TJ/BOZROMU2T0TEBIPOP67OH8
 |- Actor Path: /Game/ThirdPerson/Maps/ThirdPersonMap.ThirdPersonMap:PersistentLevel.BP_Suelo_C_UAID_74563C49CEEDA24002_1253876599
 |- Actor Package: /Game/__ExternalActors__/ThirdPerson/Maps/ThirdPersonMap/2/ZY/O6E1JNLLZAID1PXBKC03XZ
 |- Actor Path: /Game/ThirdPerson/Maps/ThirdPersonMap.ThirdPersonMap:PersistentLevel.DirectionalLight_0
 |- Actor Package: /Game/__ExternalActors__/ThirdPerson/Maps/ThirdPersonMap/5/R1/TS5OQ5CRUWFZYL1ZQ7I416
 |- Actor Path: /Game/ThirdPerson/Maps/ThirdPersonMap.ThirdPersonMap:PersistentLevel.ExponentialHeightFog_0
 |- Actor Package: /Game/__ExternalActors__/ThirdPerson/Maps/ThirdPersonMap/6/J7/N10XDC9G27EMLS5AGZ6AVV
 |- Actor Path: /Game/ThirdPerson/Maps/ThirdPersonMap.ThirdPersonMap:PersistentLevel.PainCausingVolume_UAID_74563C49CEED223802_1560624616
 |- Actor Package: /Game/__ExternalActors__/ThirdPerson/Maps/ThirdPersonMap/C/XG/A7DADBU5EIAW8DA7U4IXGQ
 |- Actor Path: /Game/ThirdPerson/Maps/ThirdPersonMap.ThirdPersonMap:PersistentLevel.PlayerStart_0
 |- Actor Package: /Game/__ExternalActors__/ThirdPerson/Maps/ThirdPersonMap/D/DE/SWSI13675DVYIZ0N4NF7Y3
 |- Actor Path: /Game/ThirdPerson/Maps/ThirdPersonMap.ThirdPersonMap:PersistentLevel.PostProcessVolume_0
 |- Actor Package: /Game/__ExternalActors__/ThirdPerson/Maps/ThirdPersonMap/1/AZ/A7GPT109Y6ZTTJD4A7TXER
 |- Actor Path: /Game/ThirdPerson/Maps/ThirdPersonMap.ThirdPersonMap:PersistentLevel.SkyAtmosphere_0
 |- Actor Package: /Game/__ExternalActors__/ThirdPerson/Maps/ThirdPersonMap/4/LN/30UBDLYFFA5ZR7U4W4L4GG
 |- Actor Path: /Game/ThirdPerson/Maps/ThirdPersonMap.ThirdPersonMap:PersistentLevel.SkyLight_1
 |- Actor Package: /Game/__ExternalActors__/ThirdPerson/Maps/ThirdPersonMap/8/S1/DXUWD12MD3HRWVVXX076BY
 |- Actor Path: /Game/ThirdPerson/Maps/ThirdPersonMap.ThirdPersonMap:PersistentLevel.StaticMeshActor_UAID_74563C49CEED223802_1595013617
 |- Actor Package: /Game/__ExternalActors__/ThirdPerson/Maps/ThirdPersonMap/7/GW/J977I7WS4WZ05BOL0Y15UM
 |- Actor Path: /Game/ThirdPerson/Maps/ThirdPersonMap.ThirdPersonMap:PersistentLevel.StaticMeshActor_UAID_74563C49CEED944002_1280600127
 |- Actor Package: /Game/__ExternalActors__/ThirdPerson/Maps/ThirdPersonMap/3/RW/C5MK30CP3CNZ7PJCAPYTR2
 |- Actor Path: /Game/ThirdPerson/Maps/ThirdPersonMap.ThirdPersonMap:PersistentLevel.StaticMeshActor_UAID_74563C49CEED944002_1808155130
 |- Actor Package: /Game/__ExternalActors__/ThirdPerson/Maps/ThirdPersonMap/2/WX/WZVOFQW4ZTTA7THUH5FO7I
 |- Actor Path: /Game/ThirdPerson/Maps/ThirdPersonMap.ThirdPersonMap:PersistentLevel.StaticMeshActor_UAID_A4AE111137DC5EFB00_1110535423
 |- Actor Package: /Game/__ExternalActors__/ThirdPerson/Maps/ThirdPersonMap/4/PN/2QISIGK5DJNQ05US8O8FXW
 |- Actor Path: /Game/ThirdPerson/Maps/ThirdPersonMap.ThirdPersonMap:PersistentLevel.VolumetricCloud_0
 |- Actor Package: /Game/__ExternalActors__/ThirdPerson/Maps/ThirdPersonMap/3/EY/87SHEJN5UBEAN2K5OV1G6R
 |- Actor Path: /Game/ThirdPerson/Maps/ThirdPersonMap.ThirdPersonMap:PersistentLevel.WorldDataLayers
 |- Actor Package: /Game/__ExternalActors__/ThirdPerson/Maps/ThirdPersonMap/0/43/HYQWORMY4JDQ5X3OKZXFLC

----------------------------------------------------------------------------------------------------------------
ThirdPersonMap - Runtime Hash Set
----------------------------------------------------------------------------------------------------------------

