[+] Containers:
 |- [+] Container: /Game/ThirdPerson/Maps/ThirdPersonMap
 |   |- [+] ActorDescs:
 |   |   |- Guid:06A777E840AEFD07B16EF2B9059ABCE1 BaseClass:/Game/BP/BP_Suelo.BP_Suelo_C NativeClass:/Script/Engine.Actor Name:BP_Suelo_C_UAID_74563C49CEED974002_1528207660 Label:BP_Suelo SpatiallyLoaded:1 Bounds:IsValid=true, Min=(X=56.833 Y=260.786 Z=-0.000), Max=(X=3719.864 Y=1079.139 Z=0.000) RuntimeGrid:None EditorOnly:0 RuntimeOnly:0 HLODRelevant:0 ListedInSceneOutliner:1 IsMainWorldOnly:0 FolderPath:Mapa FolderGuid:889A4AD74D6F56A06DA49894F1A45DDB
 |   |   |- Guid:076FC1384D1DD5339F3F1B930DF0A35B BaseClass:/Game/BP/BP_Interactuable_Cura.BP_Interactuable_Cura_C NativeClass:/Script/Engine.Actor Name:BP_Interactuable_Cura_C_UAID_74563C49CEED283802_1090833675 Label:BP_Interactuable_Cura SpatiallyLoaded:1 Bounds:IsValid=true, Min=(X=2238.741 Y=686.324 Z=-12.817), Max=(X=2300.394 Y=767.385 Z=120.617) RuntimeGrid:None EditorOnly:0 RuntimeOnly:0 HLODRelevant:0 ListedInSceneOutliner:1 IsMainWorldOnly:0
 |   |   |- Guid:1252DC214AC57B6403C2CEA518974DF1 BaseClass:/Game/BP/BP_GabineteAbajo.BP_GabineteAbajo_C NativeClass:/Script/Engine.Actor Name:BP_GabineteAbajo_C_UAID_74563C49CEED6C4302_1362096260 Label:BP_GabineteAbajo6 SpatiallyLoaded:1 Bounds:IsValid=true, Min=(X=4393.416 Y=1043.479 Z=-0.008), Max=(X=4442.846 Y=1080.605 Z=68.025) RuntimeGrid:None EditorOnly:0 RuntimeOnly:0 HLODRelevant:0 ListedInSceneOutliner:1 IsMainWorldOnly:0 FolderPath:Gabinetes FolderGuid:5F5198644BAC72A01E3DC78A60C2E9E2
 |   |   |- Guid:1479351946C6531BA00593975D4214F0 BaseClass:/Game/BP/BP_Pared.BP_Pared_C NativeClass:/Script/Engine.Actor Name:BP_Pared_C_UAID_74563C49CEED9C4002_1158825541 Label:BP_Pared SpatiallyLoaded:1 Bounds:IsValid=true, Min=(X=56.040 Y=250.401 Z=-0.000), Max=(X=21346.812 Y=1088.347 Z=308.677) RuntimeGrid:None EditorOnly:0 RuntimeOnly:0 HLODRelevant:0 ListedInSceneOutliner:1 IsMainWorldOnly:0 FolderPath:Mapa FolderGuid:889A4AD74D6F56A06DA49894F1A45DDB
 |   |   |- Guid:173609254A2E40E07EFDD5900D2E3E69 BaseClass:/Game/BP/BP_Coin.BP_Coin_C NativeClass:/Script/Engine.Actor Name:BP_Coin_C_UAID_80FA5B97DCF3113F02_1705693016 Label:BP_Coin SpatiallyLoaded:1 Bounds:IsValid=true, Min=(X=1725.759 Y=499.888 Z=23.323), Max=(X=1804.126 Y=578.255 Z=90.971) RuntimeGrid:None EditorOnly:0 RuntimeOnly:0 HLODRelevant:0 ListedInSceneOutliner:1 IsMainWorldOnly:0
 |   |   |- Guid:1C149A1A4592736A50F109B2894D3E77 BaseClass:/Game/BP/BP_PowerUp.BP_PowerUp_C NativeClass:/Script/Engine.Actor Name:BP_PowerUp_C_UAID_74563C49CEED573A02_1859836063 Label:BP_PowerUp SpatiallyLoaded:1 Bounds:IsValid=true, Min=(X=1856.243 Y=2160.961 Z=-32.000), Max=(X=1920.243 Y=2224.961 Z=117.758) RuntimeGrid:None EditorOnly:0 RuntimeOnly:0 HLODRelevant:0 ListedInSceneOutliner:1 IsMainWorldOnly:0
 |   |   |- Guid:2FB58999456391D349DC0F86DAC136ED BaseClass: NativeClass:/Script/Engine.SkyLight Name:SkyLight_1 Label:SkyLight SpatiallyLoaded:0 Bounds:IsValid=true, Min=(X=0.000 Y=0.000 Z=690.000), Max=(X=0.000 Y=0.000 Z=690.000) RuntimeGrid:None EditorOnly:0 RuntimeOnly:0 HLODRelevant:0 ListedInSceneOutliner:1 IsMainWorldOnly:0 FolderPath:Lighting FolderGuid:963EC3EB4002CCE9759E2EBA541A873A
 |   |   |- Guid:316CF2A6494ACA4C0E4180A87D36AB8F BaseClass: NativeClass:/Script/Engine.ExponentialHeightFog Name:ExponentialHeightFog_0 Label:ExponentialHeightFog SpatiallyLoaded:0 Bounds:IsValid=true, Min=(X=-5600.000 Y=-50.000 Z=-6850.000), Max=(X=-5600.000 Y=-50.000 Z=-6850.000) RuntimeGrid:None EditorOnly:0 RuntimeOnly:0 HLODRelevant:0 ListedInSceneOutliner:1 IsMainWorldOnly:0 FolderPath:Lighting FolderGuid:963EC3EB4002CCE9759E2EBA541A873A
 |   |   |- Guid:33AC8107492D30F64605539339E1B1A9 BaseClass:/Game/BP/BP_Horno.BP_Horno_C NativeClass:/Script/Engine.Actor Name:BP_Horno_C_UAID_74563C49CEED6C4302_1679232270 Label:BP_Horno3 SpatiallyLoaded:1 Bounds:IsValid=true, Min=(X=5474.110 Y=849.194 Z=0.000), Max=(X=5534.328 Y=917.275 Z=76.221) RuntimeGrid:None EditorOnly:0 RuntimeOnly:0 HLODRelevant:0 ListedInSceneOutliner:1 IsMainWorldOnly:0
 |   |   |- Guid:3A00AA1C422CE54C0BDB60BAF471BFBB BaseClass: NativeClass:/Script/Engine.PlayerStart Name:PlayerStart_0 Label:PlayerStart SpatiallyLoaded:0 Bounds:IsValid=true, Min=(X=461.566 Y=658.852 Z=0.013), Max=(X=541.566 Y=738.852 Z=184.013) RuntimeGrid:None EditorOnly:0 RuntimeOnly:0 HLODRelevant:0 ListedInSceneOutliner:1 IsMainWorldOnly:0
 |   |   |- Guid:4143D0E344908FB24510DCA7948FA3E0 BaseClass:/Game/BP/BP_GabineteAbajo.BP_GabineteAbajo_C NativeClass:/Script/Engine.Actor Name:BP_GabineteAbajo_C_UAID_74563C49CEED6C4302_1188591256 Label:BP_GabineteAbajo2 SpatiallyLoaded:1 Bounds:IsValid=true, Min=(X=4254.552 Y=998.774 Z=-0.008), Max=(X=4291.678 Y=1048.204 Z=68.025) RuntimeGrid:None EditorOnly:0 RuntimeOnly:0 HLODRelevant:0 ListedInSceneOutliner:1 IsMainWorldOnly:0 FolderPath:Gabinetes FolderGuid:5F5198644BAC72A01E3DC78A60C2E9E2
 |   |   |- Guid:42A1D344483A929A1C5A6688C2B862C3 BaseClass:/Game/BP/BP_Nevera.BP_Nevera_C NativeClass:/Script/Engine.Actor Name:BP_Nevera_C_UAID_74563C49CEED6C4302_1651404268 Label:BP_Nevera2 SpatiallyLoaded:1 Bounds:IsValid=true, Min=(X=4922.138 Y=476.951 Z=0.000), Max=(X=5014.284 Y=612.004 Z=229.556) RuntimeGrid:None EditorOnly:0 RuntimeOnly:0 HLODRelevant:0 ListedInSceneOutliner:1 IsMainWorldOnly:0
 |   |   |- Guid:4474A1524E5BC2D650DAC99B3FA664B8 BaseClass:/Game/BP/BP_Suelo.BP_Suelo_C NativeClass:/Script/Engine.Actor Name:BP_Suelo_C_UAID_74563C49CEEDA24002_1253876599 Label:BP_Suelo2 SpatiallyLoaded:1 Bounds:IsValid=true, Min=(X=16667.885 Y=260.786 Z=0.000), Max=(X=21144.916 Y=1079.139 Z=0.000) RuntimeGrid:None EditorOnly:0 RuntimeOnly:0 HLODRelevant:0 ListedInSceneOutliner:1 IsMainWorldOnly:0 FolderPath:Mapa FolderGuid:889A4AD74D6F56A06DA49894F1A45DDB
 |   |   |- Guid:4D3BE93F4146AAAC8BBE79999D96D57F BaseClass: NativeClass:/Script/Engine.VolumetricCloud Name:VolumetricCloud_0 Label:VolumetricCloud SpatiallyLoaded:0 Bounds:IsValid=true, Min=(X=0.000 Y=0.000 Z=820.000), Max=(X=0.000 Y=0.000 Z=820.000) RuntimeGrid:None EditorOnly:0 RuntimeOnly:0 HLODRelevant:0 ListedInSceneOutliner:1 IsMainWorldOnly:0 FolderPath:Lighting FolderGuid:963EC3EB4002CCE9759E2EBA541A873A
 |   |   |- Guid:536C599B458419168FE8DA8A60BD97C1 BaseClass:/Game/BP/BP_Suelo.BP_Suelo_C NativeClass:/Script/Engine.Actor Name:BP_Suelo_C_UAID_74563C49CEED244302_1860945583 Label:BP_Suelo3 SpatiallyLoaded:1 Bounds:IsValid=true, Min=(X=4143.291 Y=260.786 Z=-0.000), Max=(X=6585.322 Y=1079.139 Z=0.000) RuntimeGrid:None EditorOnly:0 RuntimeOnly:0 HLODRelevant:0 ListedInSceneOutliner:1 IsMainWorldOnly:0 FolderPath:Mapa FolderGuid:889A4AD74D6F56A06DA49894F1A45DDB
 |   |   |- Guid:593A69E64A11AF141C840BB942709A4D BaseClass:/Game/BP/BP_Techo.BP_Techo_C NativeClass:/Script/Engine.Actor Name:BP_Techo_C_UAID_74563C49CEEDD84202_2146738207 Label:BP_Techo SpatiallyLoaded:1 Bounds:IsValid=true, Min=(X=79.447 Y=261.286 Z=306.857), Max=(X=21243.478 Y=1079.639 Z=306.857) RuntimeGrid:None EditorOnly:0 RuntimeOnly:0 HLODRelevant:0 ListedInSceneOutliner:1 IsMainWorldOnly:0
 |   |   |- Guid:5EEA1BBC4E9575B2A63DDFB3B265D83F BaseClass:/Game/BP/BP_GabineteAbajo.BP_GabineteAbajo_C NativeClass:/Script/Engine.Actor Name:BP_GabineteAbajo_C_UAID_74563C49CEED6C4302_1599249265 Label:BP_GabineteAbajo10 SpatiallyLoaded:1 Bounds:IsValid=true, Min=(X=4673.133 Y=896.245 Z=-0.008), Max=(X=4710.259 Y=945.674 Z=68.025) RuntimeGrid:None EditorOnly:0 RuntimeOnly:0 HLODRelevant:0 ListedInSceneOutliner:1 IsMainWorldOnly:0 FolderPath:Gabinetes FolderGuid:5F5198644BAC72A01E3DC78A60C2E9E2
 |   |   |- Guid:62C2111F4FB6A996AB9BE4AEB48830BD BaseClass:/Game/BP/BP_Interactuable_ProceduralParkour.BP_Interactuable_ProceduralParkour_C NativeClass:/Script/Engine.Actor Name:BP_Interactuable_ProceduralParkour_C_UAID_74563C49CEED523A02_1837426177 Label:BP_Interactuable_ProceduralParkour SpatiallyLoaded:1 Bounds:IsValid=true, Min=(X=12663.621 Y=240.943 Z=-180.000), Max=(X=16591.499 Y=1092.116 Z=377.906) RuntimeGrid:None EditorOnly:0 RuntimeOnly:0 HLODRelevant:0 ListedInSceneOutliner:1 IsMainWorldOnly:0
 |   |   |- Guid:635B0B25411F073BF7F82C84EA706FDC BaseClass:/Game/BP/BP_GabineteAbajo.BP_GabineteAbajo_C NativeClass:/Script/Engine.Actor Name:BP_GabineteAbajo_C_UAID_74563C49CEED6C4302_1172989255 Label:BP_GabineteAbajo SpatiallyLoaded:1 Bounds:IsValid=true, Min=(X=4289.514 Y=1043.479 Z=-0.008), Max=(X=4338.944 Y=1080.605 Z=68.025) RuntimeGrid:None EditorOnly:0 RuntimeOnly:0 HLODRelevant:0 ListedInSceneOutliner:1 IsMainWorldOnly:0 FolderPath:Gabinetes FolderGuid:5F5198644BAC72A01E3DC78A60C2E9E2
 |   |   |- Guid:66FF9F6E4ADAC4685E321480DF0A6EEB BaseClass:/Game/BP/BP_GabineteAbajo.BP_GabineteAbajo_C NativeClass:/Script/Engine.Actor Name:BP_GabineteAbajo_C_UAID_74563C49CEED6C4302_1356779259 Label:BP_GabineteAbajo5 SpatiallyLoaded:1 Bounds:IsValid=true, Min=(X=4341.122 Y=1043.479 Z=-0.008), Max=(X=4390.552 Y=1080.605 Z=68.025) RuntimeGrid:None EditorOnly:0 RuntimeOnly:0 HLODRelevant:0 ListedInSceneOutliner:1 IsMainWorldOnly:0 FolderPath:Gabinetes FolderGuid:5F5198644BAC72A01E3DC78A60C2E9E2
 |   |   |- Guid:6BAF4DDD444C60371492D3919DB42C97 BaseClass: NativeClass:/Script/Engine.WorldDataLayers Name:WorldDataLayers Label:WorldDataLayers SpatiallyLoaded:0 Bounds:IsValid=true, Min=(X=0.000 Y=0.000 Z=0.000), Max=(X=0.000 Y=0.000 Z=0.000) RuntimeGrid:None EditorOnly:0 RuntimeOnly:0 HLODRelevant:0 ListedInSceneOutliner:1 IsMainWorldOnly:1
 |   |   |- Guid:749C8AAF403BCEE33A6435933EEB9199 BaseClass:/Game/BP/BP_Nevera.BP_Nevera_C NativeClass:/Script/Engine.Actor Name:BP_Nevera_C_UAID_80FA5B97DCF3163F02_2050378898 Label:BP_Nevera SpatiallyLoaded:1 Bounds:IsValid=true, Min=(X=1930.658 Y=447.763 Z=0.000), Max=(X=2022.804 Y=582.815 Z=229.556) RuntimeGrid:None EditorOnly:0 RuntimeOnly:0 HLODRelevant:0 ListedInSceneOutliner:1 IsMainWorldOnly:0
 |   |   |- Guid:833E178844ED11DF803D7C96338CB5C7 BaseClass:/Game/BP/BP_GabineteAbajo.BP_GabineteAbajo_C NativeClass:/Script/Engine.Actor Name:BP_GabineteAbajo_C_UAID_74563C49CEED6C4302_1192336257 Label:BP_GabineteAbajo3 SpatiallyLoaded:1 Bounds:IsValid=true, Min=(X=4254.552 Y=948.244 Z=-0.008), Max=(X=4291.678 Y=997.674 Z=68.025) RuntimeGrid:None EditorOnly:0 RuntimeOnly:0 HLODRelevant:0 ListedInSceneOutliner:1 IsMainWorldOnly:0 FolderPath:Gabinetes FolderGuid:5F5198644BAC72A01E3DC78A60C2E9E2
 |   |   |- Guid:8E72001A49ED1F4E0EDCDCAC92D1CBFB BaseClass:/Game/BP/BP_GabineteAbajo.BP_GabineteAbajo_C NativeClass:/Script/Engine.Actor Name:BP_GabineteAbajo_C_UAID_74563C49CEED6C4302_1351392258 Label:BP_GabineteAbajo4 SpatiallyLoaded:1 Bounds:IsValid=true, Min=(X=4254.552 Y=897.329 Z=-0.008), Max=(X=4291.678 Y=946.759 Z=68.025) RuntimeGrid:None EditorOnly:0 RuntimeOnly:0 HLODRelevant:0 ListedInSceneOutliner:1 IsMainWorldOnly:0 FolderPath:Gabinetes FolderGuid:5F5198644BAC72A01E3DC78A60C2E9E2
 |   |   |- Guid:938F23454A67C3B281C6EC8EC4AEE761 BaseClass:/Game/BP/BP_GabineteAbajo.BP_GabineteAbajo_C NativeClass:/Script/Engine.Actor Name:BP_GabineteAbajo_C_UAID_74563C49CEED6C4302_1592565264 Label:BP_GabineteAbajo9 SpatiallyLoaded:1 Bounds:IsValid=true, Min=(X=4627.115 Y=1043.479 Z=-0.008), Max=(X=4676.545 Y=1080.605 Z=68.025) RuntimeGrid:None EditorOnly:0 RuntimeOnly:0 HLODRelevant:0 ListedInSceneOutliner:1 IsMainWorldOnly:0 FolderPath:Gabinetes FolderGuid:5F5198644BAC72A01E3DC78A60C2E9E2
 |   |   |- Guid:988C599A466309B986AFB288C5C677E4 BaseClass:/Game/BP/BP_GabineteAbajo.BP_GabineteAbajo_C NativeClass:/Script/Engine.Actor Name:BP_GabineteAbajo_C_UAID_74563C49CEED6C4302_1599252267 Label:BP_GabineteAbajo12 SpatiallyLoaded:1 Bounds:IsValid=true, Min=(X=4673.133 Y=997.689 Z=-0.008), Max=(X=4710.259 Y=1047.119 Z=68.025) RuntimeGrid:None EditorOnly:0 RuntimeOnly:0 HLODRelevant:0 ListedInSceneOutliner:1 IsMainWorldOnly:0 FolderPath:Gabinetes FolderGuid:5F5198644BAC72A01E3DC78A60C2E9E2
 |   |   |- Guid:98CC9E3040A373B27DEEDE9FC78032BF BaseClass:/Game/BP/BP_Horno.BP_Horno_C NativeClass:/Script/Engine.Actor Name:BP_Horno_C_UAID_74563C49CEED6C4302_1682306271 Label:BP_Horno4 SpatiallyLoaded:1 Bounds:IsValid=true, Min=(X=5474.110 Y=917.655 Z=0.000), Max=(X=5534.328 Y=985.736 Z=76.221) RuntimeGrid:None EditorOnly:0 RuntimeOnly:0 HLODRelevant:0 ListedInSceneOutliner:1 IsMainWorldOnly:0
 |   |   |- Guid:A450E9EF45AD94142ECA148A074095D4 BaseClass:/Game/BP/BP_Horno.BP_Horno_C NativeClass:/Script/Engine.Actor Name:BP_Horno_C_UAID_74563C49CEED6C4302_1665583269 Label:BP_Horno2 SpatiallyLoaded:1 Bounds:IsValid=true, Min=(X=5474.110 Y=779.939 Z=0.000), Max=(X=5534.328 Y=848.020 Z=76.221) RuntimeGrid:None EditorOnly:0 RuntimeOnly:0 HLODRelevant:0 ListedInSceneOutliner:1 IsMainWorldOnly:0
 |   |   |- Guid:B56845F84DC8F42462D9A28BA2CB1698 BaseClass:/Game/BP/BP_Death.BP_Death_C NativeClass:/Script/Engine.Actor Name:BP_Death_C_UAID_74563C49CEEDDA4202_1263459561 Label:BP_Death SpatiallyLoaded:1 Bounds:IsValid=true, Min=(X=2463.129 Y=260.785 Z=-1901.022), Max=(X=7347.160 Y=1893.139 Z=-1901.022) RuntimeGrid:None EditorOnly:0 RuntimeOnly:0 HLODRelevant:0 ListedInSceneOutliner:1 IsMainWorldOnly:0
 |   |   |- Guid:B785ED2844B84CFB91E7F39FE661CD99 BaseClass: NativeClass:/Script/Engine.DirectionalLight Name:DirectionalLight_0 Label:DirectionalLight SpatiallyLoaded:0 Bounds:Invalid RuntimeGrid:None EditorOnly:0 RuntimeOnly:0 HLODRelevant:0 ListedInSceneOutliner:1 IsMainWorldOnly:0 FolderPath:Lighting FolderGuid:963EC3EB4002CCE9759E2EBA541A873A
 |   |   |- Guid:BF48BC344D38A79376F6698100E17EB1 BaseClass:/Game/BP/BP_GabineteAbajo.BP_GabineteAbajo_C NativeClass:/Script/Engine.Actor Name:BP_GabineteAbajo_C_UAID_74563C49CEED6C4302_1592562262 Label:BP_GabineteAbajo7 SpatiallyLoaded:1 Bounds:IsValid=true, Min=(X=4523.213 Y=1043.479 Z=-0.008), Max=(X=4572.643 Y=1080.605 Z=68.025) RuntimeGrid:None EditorOnly:0 RuntimeOnly:0 HLODRelevant:0 ListedInSceneOutliner:1 IsMainWorldOnly:0 FolderPath:Gabinetes FolderGuid:5F5198644BAC72A01E3DC78A60C2E9E2
 |   |   |- Guid:C92274974B24A3049FF5AE89314BEFE9 BaseClass:/Game/UI/BP_Hud_manager.BP_Hud_manager_C NativeClass:/Script/Engine.Actor Name:BP_Hud_manager_C_UAID_74563C49CEEDCC4202_1451756095 Label:BP_Hud_manager SpatiallyLoaded:1 Bounds:IsValid=true, Min=(X=-157.517 Y=817.971 Z=932.881), Max=(X=-157.517 Y=817.971 Z=932.881) RuntimeGrid:None EditorOnly:0 RuntimeOnly:0 HLODRelevant:0 ListedInSceneOutliner:1 IsMainWorldOnly:0
 |   |   |- Guid:CCFF262C46EEFFDF319E7F9539CE697E BaseClass: NativeClass:/Script/Engine.SkyAtmosphere Name:SkyAtmosphere_0 Label:SkyAtmosphere SpatiallyLoaded:0 Bounds:IsValid=true, Min=(X=0.000 Y=0.000 Z=1020.000), Max=(X=0.000 Y=0.000 Z=1020.000) RuntimeGrid:None EditorOnly:0 RuntimeOnly:0 HLODRelevant:0 ListedInSceneOutliner:1 IsMainWorldOnly:0 FolderPath:Lighting FolderGuid:963EC3EB4002CCE9759E2EBA541A873A
 |   |   |- Guid:DAAEE54549F42FFA3762F3BEA6B81D4A BaseClass:/Game/BP/BP_Horno.BP_Horno_C NativeClass:/Script/Engine.Actor Name:BP_Horno_C_UAID_74563C49CEED6C4302_1570921261 Label:BP_Horno SpatiallyLoaded:1 Bounds:IsValid=true, Min=(X=4453.780 Y=1019.318 Z=0.000), Max=(X=4521.861 Y=1079.535 Z=76.221) RuntimeGrid:None EditorOnly:0 RuntimeOnly:0 HLODRelevant:0 ListedInSceneOutliner:1 IsMainWorldOnly:0
 |   |   |- Guid:DB2A04C84A65E8BB87A06D8EB9409383 BaseClass:/Game/BP/BP_GabineteAbajo.BP_GabineteAbajo_C NativeClass:/Script/Engine.Actor Name:BP_GabineteAbajo_C_UAID_74563C49CEED6C4302_1592564263 Label:BP_GabineteAbajo8 SpatiallyLoaded:1 Bounds:IsValid=true, Min=(X=4574.821 Y=1043.479 Z=-0.008), Max=(X=4624.251 Y=1080.605 Z=68.025) RuntimeGrid:None EditorOnly:0 RuntimeOnly:0 HLODRelevant:0 ListedInSceneOutliner:1 IsMainWorldOnly:0 FolderPath:Gabinetes FolderGuid:5F5198644BAC72A01E3DC78A60C2E9E2
 |   |   |- Guid:E499F1CF4ED78DFC3954B78B83E13FA5 BaseClass:/Game/BP/BP_DMG.BP_DMG_C NativeClass:/Script/Engine.Actor Name:BP_DMG_C_UAID_74563C49CEED6C4302_1862393272 Label:BP_DMG SpatiallyLoaded:1 Bounds:IsValid=true, Min=(X=1557.359 Y=722.688 Z=2.343), Max=(X=1657.359 Y=822.831 Z=9.692) RuntimeGrid:None EditorOnly:0 RuntimeOnly:0 HLODRelevant:0 ListedInSceneOutliner:1 IsMainWorldOnly:0
 |   |   |- Guid:E8352A2C4D3C6C29AF33CAA7428BDFEF BaseClass:/Game/BP/BP_GabineteAbajo.BP_GabineteAbajo_C NativeClass:/Script/Engine.Actor Name:BP_GabineteAbajo_C_UAID_74563C49CEED6C4302_1599251266 Label:BP_GabineteAbajo11 SpatiallyLoaded:1 Bounds:IsValid=true, Min=(X=4673.133 Y=946.774 Z=-0.008), Max=(X=4710.259 Y=996.204 Z=68.025) RuntimeGrid:None EditorOnly:0 RuntimeOnly:0 HLODRelevant:0 ListedInSceneOutliner:1 IsMainWorldOnly:0 FolderPath:Gabinetes FolderGuid:5F5198644BAC72A01E3DC78A60C2E9E2
 |   |   |- Guid:EAD6A7A64106FA6B61D60BBEF8C0622E BaseClass: NativeClass:/Script/Engine.StaticMeshActor Name:StaticMeshActor_UAID_74563C49CEED944002_1280600127 Label:Nevera SpatiallyLoaded:1 Bounds:IsValid=true, Min=(X=929.817 Y=1160.131 Z=0.000), Max=(X=929.817 Y=1160.131 Z=0.000) RuntimeGrid:None EditorOnly:0 RuntimeOnly:0 HLODRelevant:0 ListedInSceneOutliner:1 IsMainWorldOnly:0
 |   |   |- Guid:EC4E0C944CE6AC6E784BC6BB2916EA13 BaseClass: NativeClass:/Script/Engine.StaticMeshActor Name:StaticMeshActor_UAID_A4AE111137DC5EFB00_1110535423 Label:SM_SkySphere SpatiallyLoaded:0 Bounds:IsValid=true, Min=(X=-1638400.000 Y=-1638400.000 Z=-1638400.000), Max=(X=1638400.000 Y=1638400.000 Z=1638400.000) RuntimeGrid:None EditorOnly:0 RuntimeOnly:0 HLODRelevant:1 ListedInSceneOutliner:1 IsMainWorldOnly:0 FolderPath:Lighting FolderGuid:963EC3EB4002CCE9759E2EBA541A873A
 |   |   |- Guid:F5B29DAF454C8EAB29557F89060C0B43 BaseClass:/Game/BP/BP_Coin.BP_Coin_C NativeClass:/Script/Engine.Actor Name:BP_Coin_C_UAID_80FA5B97DCF3143F02_1877954545 Label:BP_Coin2 SpatiallyLoaded:1 Bounds:IsValid=true, Min=(X=2850.597 Y=766.209 Z=23.323), Max=(X=2928.964 Y=844.576 Z=90.971) RuntimeGrid:None EditorOnly:0 RuntimeOnly:0 HLODRelevant:0 ListedInSceneOutliner:1 IsMainWorldOnly:0
 |   |   |- Guid:F5E3FEB3450C49844FD93DA8E083C8AD BaseClass: NativeClass:/Script/Engine.PostProcessVolume Name:PostProcessVolume_0 Label:PostProcessVolume SpatiallyLoaded:0 Bounds:IsValid=true, Min=(X=0.000 Y=0.000 Z=400.000), Max=(X=200.000 Y=200.000 Z=600.000) RuntimeGrid:None EditorOnly:0 RuntimeOnly:0 HLODRelevant:0 ListedInSceneOutliner:1 IsMainWorldOnly:0 FolderPath:Lighting FolderGuid:963EC3EB4002CCE9759E2EBA541A873A
 |   |   |- Guid:FE269B484A79DE15626B8BB39E4AC1E4 BaseClass:/Game/BP/BP_Suelo.BP_Suelo_C NativeClass:/Script/Engine.Actor Name:BP_Suelo_C_UAID_74563C49CEED244302_1890601584 Label:BP_Suelo4 SpatiallyLoaded:1 Bounds:IsValid=true, Min=(X=7055.191 Y=260.786 Z=0.000), Max=(X=12753.222 Y=1079.139 Z=0.000) RuntimeGrid:None EditorOnly:0 RuntimeOnly:0 HLODRelevant:0 ListedInSceneOutliner:1 IsMainWorldOnly:0 FolderPath:Mapa FolderGuid:889A4AD74D6F56A06DA49894F1A45DDB
 |   |   |- Guid:FFCD71FF4362DB3F091AC5AC96F8D1C1 BaseClass: NativeClass:/Script/Engine.StaticMeshActor Name:StaticMeshActor_UAID_74563C49CEED944002_1808155130 Label:Nevera2 SpatiallyLoaded:1 Bounds:IsValid=true, Min=(X=-64.341 Y=2145.465 Z=0.000), Max=(X=-64.341 Y=2145.465 Z=0.000) RuntimeGrid:None EditorOnly:0 RuntimeOnly:0 HLODRelevant:0 ListedInSceneOutliner:1 IsMainWorldOnly:0
 |   |- [+] Clusters:
 |   |   |- [+] [  0]
 |   |   |   |- Guid:06A777E840AEFD07B16EF2B9059ABCE1 BaseClass:/Game/BP/BP_Suelo.BP_Suelo_C NativeClass:/Script/Engine.Actor Name:BP_Suelo_C_UAID_74563C49CEED974002_1528207660 Label:BP_Suelo SpatiallyLoaded:1 Bounds:IsValid=true, Min=(X=56.833 Y=260.786 Z=-0.000), Max=(X=3719.864 Y=1079.139 Z=0.000) RuntimeGrid:None EditorOnly:0 RuntimeOnly:0 HLODRelevant:0 ListedInSceneOutliner:1 IsMainWorldOnly:0 FolderPath:Mapa FolderGuid:889A4AD74D6F56A06DA49894F1A45DDB
 |   |   |- [+] [  1]
 |   |   |   |- Guid:076FC1384D1DD5339F3F1B930DF0A35B BaseClass:/Game/BP/BP_Interactuable_Cura.BP_Interactuable_Cura_C NativeClass:/Script/Engine.Actor Name:BP_Interactuable_Cura_C_UAID_74563C49CEED283802_1090833675 Label:BP_Interactuable_Cura SpatiallyLoaded:1 Bounds:IsValid=true, Min=(X=2238.741 Y=686.324 Z=-12.817), Max=(X=2300.394 Y=767.385 Z=120.617) RuntimeGrid:None EditorOnly:0 RuntimeOnly:0 HLODRelevant:0 ListedInSceneOutliner:1 IsMainWorldOnly:0
 |   |   |- [+] [  2]
 |   |   |   |- Guid:1252DC214AC57B6403C2CEA518974DF1 BaseClass:/Game/BP/BP_GabineteAbajo.BP_GabineteAbajo_C NativeClass:/Script/Engine.Actor Name:BP_GabineteAbajo_C_UAID_74563C49CEED6C4302_1362096260 Label:BP_GabineteAbajo6 SpatiallyLoaded:1 Bounds:IsValid=true, Min=(X=4393.416 Y=1043.479 Z=-0.008), Max=(X=4442.846 Y=1080.605 Z=68.025) RuntimeGrid:None EditorOnly:0 RuntimeOnly:0 HLODRelevant:0 ListedInSceneOutliner:1 IsMainWorldOnly:0 FolderPath:Gabinetes FolderGuid:5F5198644BAC72A01E3DC78A60C2E9E2
 |   |   |- [+] [  3]
 |   |   |   |- Guid:1479351946C6531BA00593975D4214F0 BaseClass:/Game/BP/BP_Pared.BP_Pared_C NativeClass:/Script/Engine.Actor Name:BP_Pared_C_UAID_74563C49CEED9C4002_1158825541 Label:BP_Pared SpatiallyLoaded:1 Bounds:IsValid=true, Min=(X=56.040 Y=250.401 Z=-0.000), Max=(X=21346.812 Y=1088.347 Z=308.677) RuntimeGrid:None EditorOnly:0 RuntimeOnly:0 HLODRelevant:0 ListedInSceneOutliner:1 IsMainWorldOnly:0 FolderPath:Mapa FolderGuid:889A4AD74D6F56A06DA49894F1A45DDB
 |   |   |- [+] [  4]
 |   |   |   |- Guid:173609254A2E40E07EFDD5900D2E3E69 BaseClass:/Game/BP/BP_Coin.BP_Coin_C NativeClass:/Script/Engine.Actor Name:BP_Coin_C_UAID_80FA5B97DCF3113F02_1705693016 Label:BP_Coin SpatiallyLoaded:1 Bounds:IsValid=true, Min=(X=1725.759 Y=499.888 Z=23.323), Max=(X=1804.126 Y=578.255 Z=90.971) RuntimeGrid:None EditorOnly:0 RuntimeOnly:0 HLODRelevant:0 ListedInSceneOutliner:1 IsMainWorldOnly:0
 |   |   |- [+] [  5]
 |   |   |   |- Guid:1C149A1A4592736A50F109B2894D3E77 BaseClass:/Game/BP/BP_PowerUp.BP_PowerUp_C NativeClass:/Script/Engine.Actor Name:BP_PowerUp_C_UAID_74563C49CEED573A02_1859836063 Label:BP_PowerUp SpatiallyLoaded:1 Bounds:IsValid=true, Min=(X=1856.243 Y=2160.961 Z=-32.000), Max=(X=1920.243 Y=2224.961 Z=117.758) RuntimeGrid:None EditorOnly:0 RuntimeOnly:0 HLODRelevant:0 ListedInSceneOutliner:1 IsMainWorldOnly:0
 |   |   |- [+] [  6]
 |   |   |   |- Guid:2FB58999456391D349DC0F86DAC136ED BaseClass: NativeClass:/Script/Engine.SkyLight Name:SkyLight_1 Label:SkyLight SpatiallyLoaded:0 Bounds:IsValid=true, Min=(X=0.000 Y=0.000 Z=690.000), Max=(X=0.000 Y=0.000 Z=690.000) RuntimeGrid:None EditorOnly:0 RuntimeOnly:0 HLODRelevant:0 ListedInSceneOutliner:1 IsMainWorldOnly:0 FolderPath:Lighting FolderGuid:963EC3EB4002CCE9759E2EBA541A873A
 |   |   |- [+] [  7]
 |   |   |   |- Guid:316CF2A6494ACA4C0E4180A87D36AB8F BaseClass: NativeClass:/Script/Engine.ExponentialHeightFog Name:ExponentialHeightFog_0 Label:ExponentialHeightFog SpatiallyLoaded:0 Bounds:IsValid=true, Min=(X=-5600.000 Y=-50.000 Z=-6850.000), Max=(X=-5600.000 Y=-50.000 Z=-6850.000) RuntimeGrid:None EditorOnly:0 RuntimeOnly:0 HLODRelevant:0 ListedInSceneOutliner:1 IsMainWorldOnly:0 FolderPath:Lighting FolderGuid:963EC3EB4002CCE9759E2EBA541A873A
 |   |   |- [+] [  8]
 |   |   |   |- Guid:33AC8107492D30F64605539339E1B1A9 BaseClass:/Game/BP/BP_Horno.BP_Horno_C NativeClass:/Script/Engine.Actor Name:BP_Horno_C_UAID_74563C49CEED6C4302_1679232270 Label:BP_Horno3 SpatiallyLoaded:1 Bounds:IsValid=true, Min=(X=5474.110 Y=849.194 Z=0.000), Max=(X=5534.328 Y=917.275 Z=76.221) RuntimeGrid:None EditorOnly:0 RuntimeOnly:0 HLODRelevant:0 ListedInSceneOutliner:1 IsMainWorldOnly:0
 |   |   |- [+] [  9]
 |   |   |   |- Guid:3A00AA1C422CE54C0BDB60BAF471BFBB BaseClass: NativeClass:/Script/Engine.PlayerStart Name:PlayerStart_0 Label:PlayerStart SpatiallyLoaded:0 Bounds:IsValid=true, Min=(X=461.566 Y=658.852 Z=0.013), Max=(X=541.566 Y=738.852 Z=184.013) RuntimeGrid:None EditorOnly:0 RuntimeOnly:0 HLODRelevant:0 ListedInSceneOutliner:1 IsMainWorldOnly:0
 |   |   |- [+] [ 10]
 |   |   |   |- Guid:4143D0E344908FB24510DCA7948FA3E0 BaseClass:/Game/BP/BP_GabineteAbajo.BP_GabineteAbajo_C NativeClass:/Script/Engine.Actor Name:BP_GabineteAbajo_C_UAID_74563C49CEED6C4302_1188591256 Label:BP_GabineteAbajo2 SpatiallyLoaded:1 Bounds:IsValid=true, Min=(X=4254.552 Y=998.774 Z=-0.008), Max=(X=4291.678 Y=1048.204 Z=68.025) RuntimeGrid:None EditorOnly:0 RuntimeOnly:0 HLODRelevant:0 ListedInSceneOutliner:1 IsMainWorldOnly:0 FolderPath:Gabinetes FolderGuid:5F5198644BAC72A01E3DC78A60C2E9E2
 |   |   |- [+] [ 11]
 |   |   |   |- Guid:42A1D344483A929A1C5A6688C2B862C3 BaseClass:/Game/BP/BP_Nevera.BP_Nevera_C NativeClass:/Script/Engine.Actor Name:BP_Nevera_C_UAID_74563C49CEED6C4302_1651404268 Label:BP_Nevera2 SpatiallyLoaded:1 Bounds:IsValid=true, Min=(X=4922.138 Y=476.951 Z=0.000), Max=(X=5014.284 Y=612.004 Z=229.556) RuntimeGrid:None EditorOnly:0 RuntimeOnly:0 HLODRelevant:0 ListedInSceneOutliner:1 IsMainWorldOnly:0
 |   |   |- [+] [ 12]
 |   |   |   |- Guid:4474A1524E5BC2D650DAC99B3FA664B8 BaseClass:/Game/BP/BP_Suelo.BP_Suelo_C NativeClass:/Script/Engine.Actor Name:BP_Suelo_C_UAID_74563C49CEEDA24002_1253876599 Label:BP_Suelo2 SpatiallyLoaded:1 Bounds:IsValid=true, Min=(X=16667.885 Y=260.786 Z=0.000), Max=(X=21144.916 Y=1079.139 Z=0.000) RuntimeGrid:None EditorOnly:0 RuntimeOnly:0 HLODRelevant:0 ListedInSceneOutliner:1 IsMainWorldOnly:0 FolderPath:Mapa FolderGuid:889A4AD74D6F56A06DA49894F1A45DDB
 |   |   |- [+] [ 13]
 |   |   |   |- Guid:4D3BE93F4146AAAC8BBE79999D96D57F BaseClass: NativeClass:/Script/Engine.VolumetricCloud Name:VolumetricCloud_0 Label:VolumetricCloud SpatiallyLoaded:0 Bounds:IsValid=true, Min=(X=0.000 Y=0.000 Z=820.000), Max=(X=0.000 Y=0.000 Z=820.000) RuntimeGrid:None EditorOnly:0 RuntimeOnly:0 HLODRelevant:0 ListedInSceneOutliner:1 IsMainWorldOnly:0 FolderPath:Lighting FolderGuid:963EC3EB4002CCE9759E2EBA541A873A
 |   |   |- [+] [ 14]
 |   |   |   |- Guid:536C599B458419168FE8DA8A60BD97C1 BaseClass:/Game/BP/BP_Suelo.BP_Suelo_C NativeClass:/Script/Engine.Actor Name:BP_Suelo_C_UAID_74563C49CEED244302_1860945583 Label:BP_Suelo3 SpatiallyLoaded:1 Bounds:IsValid=true, Min=(X=4143.291 Y=260.786 Z=-0.000), Max=(X=6585.322 Y=1079.139 Z=0.000) RuntimeGrid:None EditorOnly:0 RuntimeOnly:0 HLODRelevant:0 ListedInSceneOutliner:1 IsMainWorldOnly:0 FolderPath:Mapa FolderGuid:889A4AD74D6F56A06DA49894F1A45DDB
 |   |   |- [+] [ 15]
 |   |   |   |- Guid:593A69E64A11AF141C840BB942709A4D BaseClass:/Game/BP/BP_Techo.BP_Techo_C NativeClass:/Script/Engine.Actor Name:BP_Techo_C_UAID_74563C49CEEDD84202_2146738207 Label:BP_Techo SpatiallyLoaded:1 Bounds:IsValid=true, Min=(X=79.447 Y=261.286 Z=306.857), Max=(X=21243.478 Y=1079.639 Z=306.857) RuntimeGrid:None EditorOnly:0 RuntimeOnly:0 HLODRelevant:0 ListedInSceneOutliner:1 IsMainWorldOnly:0
 |   |   |- [+] [ 16]
 |   |   |   |- Guid:5EEA1BBC4E9575B2A63DDFB3B265D83F BaseClass:/Game/BP/BP_GabineteAbajo.BP_GabineteAbajo_C NativeClass:/Script/Engine.Actor Name:BP_GabineteAbajo_C_UAID_74563C49CEED6C4302_1599249265 Label:BP_GabineteAbajo10 SpatiallyLoaded:1 Bounds:IsValid=true, Min=(X=4673.133 Y=896.245 Z=-0.008), Max=(X=4710.259 Y=945.674 Z=68.025) RuntimeGrid:None EditorOnly:0 RuntimeOnly:0 HLODRelevant:0 ListedInSceneOutliner:1 IsMainWorldOnly:0 FolderPath:Gabinetes FolderGuid:5F5198644BAC72A01E3DC78A60C2E9E2
 |   |   |- [+] [ 17]
 |   |   |   |- Guid:62C2111F4FB6A996AB9BE4AEB48830BD BaseClass:/Game/BP/BP_Interactuable_ProceduralParkour.BP_Interactuable_ProceduralParkour_C NativeClass:/Script/Engine.Actor Name:BP_Interactuable_ProceduralParkour_C_UAID_74563C49CEED523A02_1837426177 Label:BP_Interactuable_ProceduralParkour SpatiallyLoaded:1 Bounds:IsValid=true, Min=(X=12663.621 Y=240.943 Z=-180.000), Max=(X=16591.499 Y=1092.116 Z=377.906) RuntimeGrid:None EditorOnly:0 RuntimeOnly:0 HLODRelevant:0 ListedInSceneOutliner:1 IsMainWorldOnly:0
 |   |   |- [+] [ 18]
 |   |   |   |- Guid:635B0B25411F073BF7F82C84EA706FDC BaseClass:/Game/BP/BP_GabineteAbajo.BP_GabineteAbajo_C NativeClass:/Script/Engine.Actor Name:BP_GabineteAbajo_C_UAID_74563C49CEED6C4302_1172989255 Label:BP_GabineteAbajo SpatiallyLoaded:1 Bounds:IsValid=true, Min=(X=4289.514 Y=1043.479 Z=-0.008), Max=(X=4338.944 Y=1080.605 Z=68.025) RuntimeGrid:None EditorOnly:0 RuntimeOnly:0 HLODRelevant:0 ListedInSceneOutliner:1 IsMainWorldOnly:0 FolderPath:Gabinetes FolderGuid:5F5198644BAC72A01E3DC78A60C2E9E2
 |   |   |- [+] [ 19]
 |   |   |   |- Guid:66FF9F6E4ADAC4685E321480DF0A6EEB BaseClass:/Game/BP/BP_GabineteAbajo.BP_GabineteAbajo_C NativeClass:/Script/Engine.Actor Name:BP_GabineteAbajo_C_UAID_74563C49CEED6C4302_1356779259 Label:BP_GabineteAbajo5 SpatiallyLoaded:1 Bounds:IsValid=true, Min=(X=4341.122 Y=1043.479 Z=-0.008), Max=(X=4390.552 Y=1080.605 Z=68.025) RuntimeGrid:None EditorOnly:0 RuntimeOnly:0 HLODRelevant:0 ListedInSceneOutliner:1 IsMainWorldOnly:0 FolderPath:Gabinetes FolderGuid:5F5198644BAC72A01E3DC78A60C2E9E2
 |   |   |- [+] [ 20]
 |   |   |   |- Guid:6BAF4DDD444C60371492D3919DB42C97 BaseClass: NativeClass:/Script/Engine.WorldDataLayers Name:WorldDataLayers Label:WorldDataLayers SpatiallyLoaded:0 Bounds:IsValid=true, Min=(X=0.000 Y=0.000 Z=0.000), Max=(X=0.000 Y=0.000 Z=0.000) RuntimeGrid:None EditorOnly:0 RuntimeOnly:0 HLODRelevant:0 ListedInSceneOutliner:1 IsMainWorldOnly:1
 |   |   |- [+] [ 21]
 |   |   |   |- Guid:749C8AAF403BCEE33A6435933EEB9199 BaseClass:/Game/BP/BP_Nevera.BP_Nevera_C NativeClass:/Script/Engine.Actor Name:BP_Nevera_C_UAID_80FA5B97DCF3163F02_2050378898 Label:BP_Nevera SpatiallyLoaded:1 Bounds:IsValid=true, Min=(X=1930.658 Y=447.763 Z=0.000), Max=(X=2022.804 Y=582.815 Z=229.556) RuntimeGrid:None EditorOnly:0 RuntimeOnly:0 HLODRelevant:0 ListedInSceneOutliner:1 IsMainWorldOnly:0
 |   |   |- [+] [ 22]
 |   |   |   |- Guid:833E178844ED11DF803D7C96338CB5C7 BaseClass:/Game/BP/BP_GabineteAbajo.BP_GabineteAbajo_C NativeClass:/Script/Engine.Actor Name:BP_GabineteAbajo_C_UAID_74563C49CEED6C4302_1192336257 Label:BP_GabineteAbajo3 SpatiallyLoaded:1 Bounds:IsValid=true, Min=(X=4254.552 Y=948.244 Z=-0.008), Max=(X=4291.678 Y=997.674 Z=68.025) RuntimeGrid:None EditorOnly:0 RuntimeOnly:0 HLODRelevant:0 ListedInSceneOutliner:1 IsMainWorldOnly:0 FolderPath:Gabinetes FolderGuid:5F5198644BAC72A01E3DC78A60C2E9E2
 |   |   |- [+] [ 23]
 |   |   |   |- Guid:8E72001A49ED1F4E0EDCDCAC92D1CBFB BaseClass:/Game/BP/BP_GabineteAbajo.BP_GabineteAbajo_C NativeClass:/Script/Engine.Actor Name:BP_GabineteAbajo_C_UAID_74563C49CEED6C4302_1351392258 Label:BP_GabineteAbajo4 SpatiallyLoaded:1 Bounds:IsValid=true, Min=(X=4254.552 Y=897.329 Z=-0.008), Max=(X=4291.678 Y=946.759 Z=68.025) RuntimeGrid:None EditorOnly:0 RuntimeOnly:0 HLODRelevant:0 ListedInSceneOutliner:1 IsMainWorldOnly:0 FolderPath:Gabinetes FolderGuid:5F5198644BAC72A01E3DC78A60C2E9E2
 |   |   |- [+] [ 24]
 |   |   |   |- Guid:938F23454A67C3B281C6EC8EC4AEE761 BaseClass:/Game/BP/BP_GabineteAbajo.BP_GabineteAbajo_C NativeClass:/Script/Engine.Actor Name:BP_GabineteAbajo_C_UAID_74563C49CEED6C4302_1592565264 Label:BP_GabineteAbajo9 SpatiallyLoaded:1 Bounds:IsValid=true, Min=(X=4627.115 Y=1043.479 Z=-0.008), Max=(X=4676.545 Y=1080.605 Z=68.025) RuntimeGrid:None EditorOnly:0 RuntimeOnly:0 HLODRelevant:0 ListedInSceneOutliner:1 IsMainWorldOnly:0 FolderPath:Gabinetes FolderGuid:5F5198644BAC72A01E3DC78A60C2E9E2
 |   |   |- [+] [ 25]
 |   |   |   |- Guid:988C599A466309B986AFB288C5C677E4 BaseClass:/Game/BP/BP_GabineteAbajo.BP_GabineteAbajo_C NativeClass:/Script/Engine.Actor Name:BP_GabineteAbajo_C_UAID_74563C49CEED6C4302_1599252267 Label:BP_GabineteAbajo12 SpatiallyLoaded:1 Bounds:IsValid=true, Min=(X=4673.133 Y=997.689 Z=-0.008), Max=(X=4710.259 Y=1047.119 Z=68.025) RuntimeGrid:None EditorOnly:0 RuntimeOnly:0 HLODRelevant:0 ListedInSceneOutliner:1 IsMainWorldOnly:0 FolderPath:Gabinetes FolderGuid:5F5198644BAC72A01E3DC78A60C2E9E2
 |   |   |- [+] [ 26]
 |   |   |   |- Guid:98CC9E3040A373B27DEEDE9FC78032BF BaseClass:/Game/BP/BP_Horno.BP_Horno_C NativeClass:/Script/Engine.Actor Name:BP_Horno_C_UAID_74563C49CEED6C4302_1682306271 Label:BP_Horno4 SpatiallyLoaded:1 Bounds:IsValid=true, Min=(X=5474.110 Y=917.655 Z=0.000), Max=(X=5534.328 Y=985.736 Z=76.221) RuntimeGrid:None EditorOnly:0 RuntimeOnly:0 HLODRelevant:0 ListedInSceneOutliner:1 IsMainWorldOnly:0
 |   |   |- [+] [ 27]
 |   |   |   |- Guid:A450E9EF45AD94142ECA148A074095D4 BaseClass:/Game/BP/BP_Horno.BP_Horno_C NativeClass:/Script/Engine.Actor Name:BP_Horno_C_UAID_74563C49CEED6C4302_1665583269 Label:BP_Horno2 SpatiallyLoaded:1 Bounds:IsValid=true, Min=(X=5474.110 Y=779.939 Z=0.000), Max=(X=5534.328 Y=848.020 Z=76.221) RuntimeGrid:None EditorOnly:0 RuntimeOnly:0 HLODRelevant:0 ListedInSceneOutliner:1 IsMainWorldOnly:0
 |   |   |- [+] [ 28]
 |   |   |   |- Guid:B56845F84DC8F42462D9A28BA2CB1698 BaseClass:/Game/BP/BP_Death.BP_Death_C NativeClass:/Script/Engine.Actor Name:BP_Death_C_UAID_74563C49CEEDDA4202_1263459561 Label:BP_Death SpatiallyLoaded:1 Bounds:IsValid=true, Min=(X=2463.129 Y=260.785 Z=-1901.022), Max=(X=7347.160 Y=1893.139 Z=-1901.022) RuntimeGrid:None EditorOnly:0 RuntimeOnly:0 HLODRelevant:0 ListedInSceneOutliner:1 IsMainWorldOnly:0
 |   |   |- [+] [ 29]
 |   |   |   |- Guid:B785ED2844B84CFB91E7F39FE661CD99 BaseClass: NativeClass:/Script/Engine.DirectionalLight Name:DirectionalLight_0 Label:DirectionalLight SpatiallyLoaded:0 Bounds:Invalid RuntimeGrid:None EditorOnly:0 RuntimeOnly:0 HLODRelevant:0 ListedInSceneOutliner:1 IsMainWorldOnly:0 FolderPath:Lighting FolderGuid:963EC3EB4002CCE9759E2EBA541A873A
 |   |   |- [+] [ 30]
 |   |   |   |- Guid:BF48BC344D38A79376F6698100E17EB1 BaseClass:/Game/BP/BP_GabineteAbajo.BP_GabineteAbajo_C NativeClass:/Script/Engine.Actor Name:BP_GabineteAbajo_C_UAID_74563C49CEED6C4302_1592562262 Label:BP_GabineteAbajo7 SpatiallyLoaded:1 Bounds:IsValid=true, Min=(X=4523.213 Y=1043.479 Z=-0.008), Max=(X=4572.643 Y=1080.605 Z=68.025) RuntimeGrid:None EditorOnly:0 RuntimeOnly:0 HLODRelevant:0 ListedInSceneOutliner:1 IsMainWorldOnly:0 FolderPath:Gabinetes FolderGuid:5F5198644BAC72A01E3DC78A60C2E9E2
 |   |   |- [+] [ 31]
 |   |   |   |- Guid:C92274974B24A3049FF5AE89314BEFE9 BaseClass:/Game/UI/BP_Hud_manager.BP_Hud_manager_C NativeClass:/Script/Engine.Actor Name:BP_Hud_manager_C_UAID_74563C49CEEDCC4202_1451756095 Label:BP_Hud_manager SpatiallyLoaded:1 Bounds:IsValid=true, Min=(X=-157.517 Y=817.971 Z=932.881), Max=(X=-157.517 Y=817.971 Z=932.881) RuntimeGrid:None EditorOnly:0 RuntimeOnly:0 HLODRelevant:0 ListedInSceneOutliner:1 IsMainWorldOnly:0
 |   |   |- [+] [ 32]
 |   |   |   |- Guid:CCFF262C46EEFFDF319E7F9539CE697E BaseClass: NativeClass:/Script/Engine.SkyAtmosphere Name:SkyAtmosphere_0 Label:SkyAtmosphere SpatiallyLoaded:0 Bounds:IsValid=true, Min=(X=0.000 Y=0.000 Z=1020.000), Max=(X=0.000 Y=0.000 Z=1020.000) RuntimeGrid:None EditorOnly:0 RuntimeOnly:0 HLODRelevant:0 ListedInSceneOutliner:1 IsMainWorldOnly:0 FolderPath:Lighting FolderGuid:963EC3EB4002CCE9759E2EBA541A873A
 |   |   |- [+] [ 33]
 |   |   |   |- Guid:DAAEE54549F42FFA3762F3BEA6B81D4A BaseClass:/Game/BP/BP_Horno.BP_Horno_C NativeClass:/Script/Engine.Actor Name:BP_Horno_C_UAID_74563C49CEED6C4302_1570921261 Label:BP_Horno SpatiallyLoaded:1 Bounds:IsValid=true, Min=(X=4453.780 Y=1019.318 Z=0.000), Max=(X=4521.861 Y=1079.535 Z=76.221) RuntimeGrid:None EditorOnly:0 RuntimeOnly:0 HLODRelevant:0 ListedInSceneOutliner:1 IsMainWorldOnly:0
 |   |   |- [+] [ 34]
 |   |   |   |- Guid:DB2A04C84A65E8BB87A06D8EB9409383 BaseClass:/Game/BP/BP_GabineteAbajo.BP_GabineteAbajo_C NativeClass:/Script/Engine.Actor Name:BP_GabineteAbajo_C_UAID_74563C49CEED6C4302_1592564263 Label:BP_GabineteAbajo8 SpatiallyLoaded:1 Bounds:IsValid=true, Min=(X=4574.821 Y=1043.479 Z=-0.008), Max=(X=4624.251 Y=1080.605 Z=68.025) RuntimeGrid:None EditorOnly:0 RuntimeOnly:0 HLODRelevant:0 ListedInSceneOutliner:1 IsMainWorldOnly:0 FolderPath:Gabinetes FolderGuid:5F5198644BAC72A01E3DC78A60C2E9E2
 |   |   |- [+] [ 35]
 |   |   |   |- Guid:E499F1CF4ED78DFC3954B78B83E13FA5 BaseClass:/Game/BP/BP_DMG.BP_DMG_C NativeClass:/Script/Engine.Actor Name:BP_DMG_C_UAID_74563C49CEED6C4302_1862393272 Label:BP_DMG SpatiallyLoaded:1 Bounds:IsValid=true, Min=(X=1557.359 Y=722.688 Z=2.343), Max=(X=1657.359 Y=822.831 Z=9.692) RuntimeGrid:None EditorOnly:0 RuntimeOnly:0 HLODRelevant:0 ListedInSceneOutliner:1 IsMainWorldOnly:0
 |   |   |- [+] [ 36]
 |   |   |   |- Guid:E8352A2C4D3C6C29AF33CAA7428BDFEF BaseClass:/Game/BP/BP_GabineteAbajo.BP_GabineteAbajo_C NativeClass:/Script/Engine.Actor Name:BP_GabineteAbajo_C_UAID_74563C49CEED6C4302_1599251266 Label:BP_GabineteAbajo11 SpatiallyLoaded:1 Bounds:IsValid=true, Min=(X=4673.133 Y=946.774 Z=-0.008), Max=(X=4710.259 Y=996.204 Z=68.025) RuntimeGrid:None EditorOnly:0 RuntimeOnly:0 HLODRelevant:0 ListedInSceneOutliner:1 IsMainWorldOnly:0 FolderPath:Gabinetes FolderGuid:5F5198644BAC72A01E3DC78A60C2E9E2
 |   |   |- [+] [ 37]
 |   |   |   |- Guid:EAD6A7A64106FA6B61D60BBEF8C0622E BaseClass: NativeClass:/Script/Engine.StaticMeshActor Name:StaticMeshActor_UAID_74563C49CEED944002_1280600127 Label:Nevera SpatiallyLoaded:1 Bounds:IsValid=true, Min=(X=929.817 Y=1160.131 Z=0.000), Max=(X=929.817 Y=1160.131 Z=0.000) RuntimeGrid:None EditorOnly:0 RuntimeOnly:0 HLODRelevant:0 ListedInSceneOutliner:1 IsMainWorldOnly:0
 |   |   |- [+] [ 38]
 |   |   |   |- Guid:EC4E0C944CE6AC6E784BC6BB2916EA13 BaseClass: NativeClass:/Script/Engine.StaticMeshActor Name:StaticMeshActor_UAID_A4AE111137DC5EFB00_1110535423 Label:SM_SkySphere SpatiallyLoaded:0 Bounds:IsValid=true, Min=(X=-1638400.000 Y=-1638400.000 Z=-1638400.000), Max=(X=1638400.000 Y=1638400.000 Z=1638400.000) RuntimeGrid:None EditorOnly:0 RuntimeOnly:0 HLODRelevant:1 ListedInSceneOutliner:1 IsMainWorldOnly:0 FolderPath:Lighting FolderGuid:963EC3EB4002CCE9759E2EBA541A873A
 |   |   |- [+] [ 39]
 |   |   |   |- Guid:F5B29DAF454C8EAB29557F89060C0B43 BaseClass:/Game/BP/BP_Coin.BP_Coin_C NativeClass:/Script/Engine.Actor Name:BP_Coin_C_UAID_80FA5B97DCF3143F02_1877954545 Label:BP_Coin2 SpatiallyLoaded:1 Bounds:IsValid=true, Min=(X=2850.597 Y=766.209 Z=23.323), Max=(X=2928.964 Y=844.576 Z=90.971) RuntimeGrid:None EditorOnly:0 RuntimeOnly:0 HLODRelevant:0 ListedInSceneOutliner:1 IsMainWorldOnly:0
 |   |   |- [+] [ 40]
 |   |   |   |- Guid:F5E3FEB3450C49844FD93DA8E083C8AD BaseClass: NativeClass:/Script/Engine.PostProcessVolume Name:PostProcessVolume_0 Label:PostProcessVolume SpatiallyLoaded:0 Bounds:IsValid=true, Min=(X=0.000 Y=0.000 Z=400.000), Max=(X=200.000 Y=200.000 Z=600.000) RuntimeGrid:None EditorOnly:0 RuntimeOnly:0 HLODRelevant:0 ListedInSceneOutliner:1 IsMainWorldOnly:0 FolderPath:Lighting FolderGuid:963EC3EB4002CCE9759E2EBA541A873A
 |   |   |- [+] [ 41]
 |   |   |   |- Guid:FE269B484A79DE15626B8BB39E4AC1E4 BaseClass:/Game/BP/BP_Suelo.BP_Suelo_C NativeClass:/Script/Engine.Actor Name:BP_Suelo_C_UAID_74563C49CEED244302_1890601584 Label:BP_Suelo4 SpatiallyLoaded:1 Bounds:IsValid=true, Min=(X=7055.191 Y=260.786 Z=0.000), Max=(X=12753.222 Y=1079.139 Z=0.000) RuntimeGrid:None EditorOnly:0 RuntimeOnly:0 HLODRelevant:0 ListedInSceneOutliner:1 IsMainWorldOnly:0 FolderPath:Mapa FolderGuid:889A4AD74D6F56A06DA49894F1A45DDB
 |   |   |- [+] [ 42]
 |   |   |   |- Guid:FFCD71FF4362DB3F091AC5AC96F8D1C1 BaseClass: NativeClass:/Script/Engine.StaticMeshActor Name:StaticMeshActor_UAID_74563C49CEED944002_1808155130 Label:Nevera2 SpatiallyLoaded:1 Bounds:IsValid=true, Min=(X=-64.341 Y=2145.465 Z=0.000), Max=(X=-64.341 Y=2145.465 Z=0.000) RuntimeGrid:None EditorOnly:0 RuntimeOnly:0 HLODRelevant:0 ListedInSceneOutliner:1 IsMainWorldOnly:0
 |- ContainerInstances:
 |- [+] MainContainer:
 |   |-        ID: 00000000000000000000000000000000
 |   |-  ParentID: 00000000000000000000000000000000
 |   |-    Bounds: IsValid=false, Min=(X=0.000 Y=0.000 Z=0.000), Max=(X=0.000 Y=0.000 Z=0.000)
 |   |- Transform: 0.000000,0.000000,0.000000|0.000000,0.000000,-0.000000|1.000000,1.000000,1.000000
 |   |- Container: /Game/ThirdPerson/Maps/ThirdPersonMap
----------------------------------------------------------------------------------------------------------------
ThirdPersonMap - Persistent Level
----------------------------------------------------------------------------------------------------------------
[+] Content of ThirdPersonMap Persistent Level
 |- Always loaded Actor Count: 43 
 |- Actor Path: /Game/ThirdPerson/Maps/ThirdPersonMap.ThirdPersonMap:PersistentLevel.BP_Coin_C_UAID_80FA5B97DCF3113F02_1705693016
 |- Actor Package: /Game/__ExternalActors__/ThirdPerson/Maps/ThirdPersonMap/3/O6/V6QK7B0Q2RUL93WTIU84BL
 |- Actor Path: /Game/ThirdPerson/Maps/ThirdPersonMap.ThirdPersonMap:PersistentLevel.BP_Coin_C_UAID_80FA5B97DCF3143F02_1877954545
 |- Actor Package: /Game/__ExternalActors__/ThirdPerson/Maps/ThirdPersonMap/5/5A/VIV6R6F00GNZD68HZV3TAU
 |- Actor Path: /Game/ThirdPerson/Maps/ThirdPersonMap.ThirdPersonMap:PersistentLevel.BP_Death_C_UAID_74563C49CEEDDA4202_1263459561
 |- Actor Package: /Game/__ExternalActors__/ThirdPerson/Maps/ThirdPersonMap/1/KJ/OIG62OE9QNCQ9EQQ09W3WD
 |- Actor Path: /Game/ThirdPerson/Maps/ThirdPersonMap.ThirdPersonMap:PersistentLevel.BP_DMG_C_UAID_74563C49CEED6C4302_1862393272
 |- Actor Package: /Game/__ExternalActors__/ThirdPerson/Maps/ThirdPersonMap/3/CB/E4JMB7MIR18T9MNU3X8VC3
 |- Actor Path: /Game/ThirdPerson/Maps/ThirdPersonMap.ThirdPersonMap:PersistentLevel.BP_GabineteAbajo_C_UAID_74563C49CEED6C4302_1172989255
 |- Actor Package: /Game/__ExternalActors__/ThirdPerson/Maps/ThirdPersonMap/0/C5/YCFWYTS00TQS5RHR9OOEDN
 |- Actor Path: /Game/ThirdPerson/Maps/ThirdPersonMap.ThirdPersonMap:PersistentLevel.BP_GabineteAbajo_C_UAID_74563C49CEED6C4302_1188591256
 |- Actor Package: /Game/__ExternalActors__/ThirdPerson/Maps/ThirdPersonMap/7/MU/WT8X5KCOF9VDDW0IE22ITL
 |- Actor Path: /Game/ThirdPerson/Maps/ThirdPersonMap.ThirdPersonMap:PersistentLevel.BP_GabineteAbajo_C_UAID_74563C49CEED6C4302_1192336257
 |- Actor Package: /Game/__ExternalActors__/ThirdPerson/Maps/ThirdPersonMap/5/NM/UJGJ4ZC5KGF8CZYCFDDDN8
 |- Actor Path: /Game/ThirdPerson/Maps/ThirdPersonMap.ThirdPersonMap:PersistentLevel.BP_GabineteAbajo_C_UAID_74563C49CEED6C4302_1351392258
 |- Actor Package: /Game/__ExternalActors__/ThirdPerson/Maps/ThirdPersonMap/8/BZ/OIOUAFV1BURUPV7IUCTDGR
 |- Actor Path: /Game/ThirdPerson/Maps/ThirdPersonMap.ThirdPersonMap:PersistentLevel.BP_GabineteAbajo_C_UAID_74563C49CEED6C4302_1356779259
 |- Actor Package: /Game/__ExternalActors__/ThirdPerson/Maps/ThirdPersonMap/3/YN/O8FR4N2HG7ZV8T24HV6SG4
 |- Actor Path: /Game/ThirdPerson/Maps/ThirdPersonMap.ThirdPersonMap:PersistentLevel.BP_GabineteAbajo_C_UAID_74563C49CEED6C4302_1362096260
 |- Actor Package: /Game/__ExternalActors__/ThirdPerson/Maps/ThirdPersonMap/0/CE/6EK6ZIA4EP3G583VQZTJPV
 |- Actor Path: /Game/ThirdPerson/Maps/ThirdPersonMap.ThirdPersonMap:PersistentLevel.BP_GabineteAbajo_C_UAID_74563C49CEED6C4302_1592562262
 |- Actor Package: /Game/__ExternalActors__/ThirdPerson/Maps/ThirdPersonMap/B/AU/HEDXEB9D5IOFEAGI3GKB4I
 |- Actor Path: /Game/ThirdPerson/Maps/ThirdPersonMap.ThirdPersonMap:PersistentLevel.BP_GabineteAbajo_C_UAID_74563C49CEED6C4302_1592564263
 |- Actor Package: /Game/__ExternalActors__/ThirdPerson/Maps/ThirdPersonMap/E/58/N8GYFG2MTLPTUA5NU0I3Y3
 |- Actor Path: /Game/ThirdPerson/Maps/ThirdPersonMap.ThirdPersonMap:PersistentLevel.BP_GabineteAbajo_C_UAID_74563C49CEED6C4302_1592565264
 |- Actor Package: /Game/__ExternalActors__/ThirdPerson/Maps/ThirdPersonMap/9/5R/0WGW5KRS9KVGBH2BIZF6HF
 |- Actor Path: /Game/ThirdPerson/Maps/ThirdPersonMap.ThirdPersonMap:PersistentLevel.BP_GabineteAbajo_C_UAID_74563C49CEED6C4302_1599249265
 |- Actor Package: /Game/__ExternalActors__/ThirdPerson/Maps/ThirdPersonMap/8/RU/VDY5N259FHJHK0W8XHVW87
 |- Actor Path: /Game/ThirdPerson/Maps/ThirdPersonMap.ThirdPersonMap:PersistentLevel.BP_GabineteAbajo_C_UAID_74563C49CEED6C4302_1599251266
 |- Actor Package: /Game/__ExternalActors__/ThirdPerson/Maps/ThirdPersonMap/5/AS/VIJ9L4S3TFEVQXKZZTOQJG
 |- Actor Path: /Game/ThirdPerson/Maps/ThirdPersonMap.ThirdPersonMap:PersistentLevel.BP_GabineteAbajo_C_UAID_74563C49CEED6C4302_1599252267
 |- Actor Package: /Game/__ExternalActors__/ThirdPerson/Maps/ThirdPersonMap/9/IM/6DWWCPWDBUSJE3MGRTQCGV
 |- Actor Path: /Game/ThirdPerson/Maps/ThirdPersonMap.ThirdPersonMap:PersistentLevel.BP_Horno_C_UAID_74563C49CEED6C4302_1570921261
 |- Actor Package: /Game/__ExternalActors__/ThirdPerson/Maps/ThirdPersonMap/6/AY/UCXZNPORD56G3P6CRU6M2K
 |- Actor Path: /Game/ThirdPerson/Maps/ThirdPersonMap.ThirdPersonMap:PersistentLevel.BP_Horno_C_UAID_74563C49CEED6C4302_1665583269
 |- Actor Package: /Game/__ExternalActors__/ThirdPerson/Maps/ThirdPersonMap/4/1K/XIDLYT4QPRB7K3L1RRQWD8
 |- Actor Path: /Game/ThirdPerson/Maps/ThirdPersonMap.ThirdPersonMap:PersistentLevel.BP_Horno_C_UAID_74563C49CEED6C4302_1679232270
 |- Actor Package: /Game/__ExternalActors__/ThirdPerson/Maps/ThirdPersonMap/5/5N/87EJOWPLDL8JIB4L8M6Z04
 |- Actor Path: /Game/ThirdPerson/Maps/ThirdPersonMap.ThirdPersonMap:PersistentLevel.BP_Horno_C_UAID_74563C49CEED6C4302_1682306271
 |- Actor Package: /Game/__ExternalActors__/ThirdPerson/Maps/ThirdPersonMap/7/RG/5Q7D0KQAPTFGG0UAF61OOL
 |- Actor Path: /Game/ThirdPerson/Maps/ThirdPersonMap.ThirdPersonMap:PersistentLevel.BP_Hud_manager_C_UAID_74563C49CEEDCC4202_1451756095
 |- Actor Package: /Game/__ExternalActors__/ThirdPerson/Maps/ThirdPersonMap/C/OC/3QYWS6Z18NNWY0RY3PQKLG
 |- Actor Path: /Game/ThirdPerson/Maps/ThirdPersonMap.ThirdPersonMap:PersistentLevel.BP_Interactuable_Cura_C_UAID_74563C49CEED283802_1090833675
 |- Actor Package: /Game/__ExternalActors__/ThirdPerson/Maps/ThirdPersonMap/D/LF/RJLD9JX6JLEC63MFJY3AEE
 |- Actor Path: /Game/ThirdPerson/Maps/ThirdPersonMap.ThirdPersonMap:PersistentLevel.BP_Interactuable_ProceduralParkour_C_UAID_74563C49CEED523A02_1837426177
 |- Actor Package: /Game/__ExternalActors__/ThirdPerson/Maps/ThirdPersonMap/C/OO/4ZZMOEV4UEG41TE6BLTMWT
 |- Actor Path: /Game/ThirdPerson/Maps/ThirdPersonMap.ThirdPersonMap:PersistentLevel.BP_Nevera_C_UAID_74563C49CEED6C4302_1651404268
 |- Actor Package: /Game/__ExternalActors__/ThirdPerson/Maps/ThirdPersonMap/C/8I/QIR1L60SD90P2F9CLX0V0D
 |- Actor Path: /Game/ThirdPerson/Maps/ThirdPersonMap.ThirdPersonMap:PersistentLevel.BP_Nevera_C_UAID_80FA5B97DCF3163F02_2050378898
 |- Actor Package: /Game/__ExternalActors__/ThirdPerson/Maps/ThirdPersonMap/1/FJ/KWA2DH07TOKCWQMGR0Q2P7
 |- Actor Path: /Game/ThirdPerson/Maps/ThirdPersonMap.ThirdPersonMap:PersistentLevel.BP_Pared_C_UAID_74563C49CEED9C4002_1158825541
 |- Actor Package: /Game/__ExternalActors__/ThirdPerson/Maps/ThirdPersonMap/4/LS/RCM719UXYTU9K194IG510Z
 |- Actor Path: /Game/ThirdPerson/Maps/ThirdPersonMap.ThirdPersonMap:PersistentLevel.BP_PowerUp_C_UAID_74563C49CEED573A02_1859836063
 |- Actor Package: /Game/__ExternalActors__/ThirdPerson/Maps/ThirdPersonMap/F/42/RUMY357QXOV0QJ7LFJLEDT
 |- Actor Path: /Game/ThirdPerson/Maps/ThirdPersonMap.ThirdPersonMap:PersistentLevel.BP_Suelo_C_UAID_74563C49CEED244302_1860945583
 |- Actor Package: /Game/__ExternalActors__/ThirdPerson/Maps/ThirdPersonMap/7/4D/MYGHMPGXVL28HKVJXIZM10
 |- Actor Path: /Game/ThirdPerson/Maps/ThirdPersonMap.ThirdPersonMap:PersistentLevel.BP_Suelo_C_UAID_74563C49CEED244302_1890601584
 |- Actor Package: /Game/__ExternalActors__/ThirdPerson/Maps/ThirdPersonMap/9/JR/TVFVA7SOMWAAIPNWTTDV0E
 |- Actor Path: /Game/ThirdPerson/Maps/ThirdPersonMap.ThirdPersonMap:PersistentLevel.BP_Suelo_C_UAID_74563C49CEED974002_1528207660
 |- Actor Package: /Game/__ExternalActors__/ThirdPerson/Maps/ThirdPersonMap/5/TJ/BOZROMU2T0TEBIPOP67OH8
 |- Actor Path: /Game/ThirdPerson/Maps/ThirdPersonMap.ThirdPersonMap:PersistentLevel.BP_Suelo_C_UAID_74563C49CEEDA24002_1253876599
 |- Actor Package: /Game/__ExternalActors__/ThirdPerson/Maps/ThirdPersonMap/2/ZY/O6E1JNLLZAID1PXBKC03XZ
 |- Actor Path: /Game/ThirdPerson/Maps/ThirdPersonMap.ThirdPersonMap:PersistentLevel.BP_Techo_C_UAID_74563C49CEEDD84202_2146738207
 |- Actor Package: /Game/__ExternalActors__/ThirdPerson/Maps/ThirdPersonMap/8/NM/DWL1LK1996E9YNNGOUQ038
 |- Actor Path: /Game/ThirdPerson/Maps/ThirdPersonMap.ThirdPersonMap:PersistentLevel.DirectionalLight_0
 |- Actor Package: /Game/__ExternalActors__/ThirdPerson/Maps/ThirdPersonMap/5/R1/TS5OQ5CRUWFZYL1ZQ7I416
 |- Actor Path: /Game/ThirdPerson/Maps/ThirdPersonMap.ThirdPersonMap:PersistentLevel.ExponentialHeightFog_0
 |- Actor Package: /Game/__ExternalActors__/ThirdPerson/Maps/ThirdPersonMap/6/J7/N10XDC9G27EMLS5AGZ6AVV
 |- Actor Path: /Game/ThirdPerson/Maps/ThirdPersonMap.ThirdPersonMap:PersistentLevel.PlayerStart_0
 |- Actor Package: /Game/__ExternalActors__/ThirdPerson/Maps/ThirdPersonMap/D/DE/SWSI13675DVYIZ0N4NF7Y3
 |- Actor Path: /Game/ThirdPerson/Maps/ThirdPersonMap.ThirdPersonMap:PersistentLevel.PostProcessVolume_0
 |- Actor Package: /Game/__ExternalActors__/ThirdPerson/Maps/ThirdPersonMap/1/AZ/A7GPT109Y6ZTTJD4A7TXER
 |- Actor Path: /Game/ThirdPerson/Maps/ThirdPersonMap.ThirdPersonMap:PersistentLevel.SkyAtmosphere_0
 |- Actor Package: /Game/__ExternalActors__/ThirdPerson/Maps/ThirdPersonMap/4/LN/30UBDLYFFA5ZR7U4W4L4GG
 |- Actor Path: /Game/ThirdPerson/Maps/ThirdPersonMap.ThirdPersonMap:PersistentLevel.SkyLight_1
 |- Actor Package: /Game/__ExternalActors__/ThirdPerson/Maps/ThirdPersonMap/8/S1/DXUWD12MD3HRWVVXX076BY
 |- Actor Path: /Game/ThirdPerson/Maps/ThirdPersonMap.ThirdPersonMap:PersistentLevel.StaticMeshActor_UAID_74563C49CEED944002_1280600127
 |- Actor Package: /Game/__ExternalActors__/ThirdPerson/Maps/ThirdPersonMap/3/RW/C5MK30CP3CNZ7PJCAPYTR2
 |- Actor Path: /Game/ThirdPerson/Maps/ThirdPersonMap.ThirdPersonMap:PersistentLevel.StaticMeshActor_UAID_74563C49CEED944002_1808155130
 |- Actor Package: /Game/__ExternalActors__/ThirdPerson/Maps/ThirdPersonMap/2/WX/WZVOFQW4ZTTA7THUH5FO7I
 |- Actor Path: /Game/ThirdPerson/Maps/ThirdPersonMap.ThirdPersonMap:PersistentLevel.StaticMeshActor_UAID_A4AE111137DC5EFB00_1110535423
 |- Actor Package: /Game/__ExternalActors__/ThirdPerson/Maps/ThirdPersonMap/4/PN/2QISIGK5DJNQ05US8O8FXW
 |- Actor Path: /Game/ThirdPerson/Maps/ThirdPersonMap.ThirdPersonMap:PersistentLevel.VolumetricCloud_0
 |- Actor Package: /Game/__ExternalActors__/ThirdPerson/Maps/ThirdPersonMap/3/EY/87SHEJN5UBEAN2K5OV1G6R
 |- Actor Path: /Game/ThirdPerson/Maps/ThirdPersonMap.ThirdPersonMap:PersistentLevel.WorldDataLayers
 |- Actor Package: /Game/__ExternalActors__/ThirdPerson/Maps/ThirdPersonMap/0/43/HYQWORMY4JDQ5X3OKZXFLC

----------------------------------------------------------------------------------------------------------------
ThirdPersonMap - Runtime Hash Set
----------------------------------------------------------------------------------------------------------------

